Archive member included because of file (symbol)

/cygdrive/c/altera/91/nios2eds/bin/nios2-gnutools/H-i686-pc-cygwin/bin/../lib/gcc/nios2-elf/3.4.6/libgcc.a(lib2-divmod.o)
                              obj//cygdrive/f/hw8a/led_count.o (__divsi3)
/cygdrive/c/altera/91/nios2eds/bin/nios2-gnutools/H-i686-pc-cygwin/bin/../lib/gcc/nios2-elf/3.4.6/../../../../nios2-elf/lib/libc.a(printf.o)
                              obj//cygdrive/f/hw8a/led_count.o (printf)
/cygdrive/c/altera/91/nios2eds/bin/nios2-gnutools/H-i686-pc-cygwin/bin/../lib/gcc/nios2-elf/3.4.6/../../../../nios2-elf/lib/libc.a(puts.o)
                              obj//cygdrive/f/hw8a/led_count.o (puts)
/cygdrive/c/altera/91/nios2eds/bin/nios2-gnutools/H-i686-pc-cygwin/bin/../lib/gcc/nios2-elf/3.4.6/../../../../nios2-elf/lib/libc.a(strlen.o)
                              /cygdrive/c/altera/91/nios2eds/bin/nios2-gnutools/H-i686-pc-cygwin/bin/../lib/gcc/nios2-elf/3.4.6/../../../../nios2-elf/lib/libc.a(puts.o) (strlen)
/cygdrive/c/altera/91/nios2eds/bin/nios2-gnutools/H-i686-pc-cygwin/bin/../lib/gcc/nios2-elf/3.4.6/../../../../nios2-elf/lib/libc.a(vfprintf1.o)
                              /cygdrive/c/altera/91/nios2eds/bin/nios2-gnutools/H-i686-pc-cygwin/bin/../lib/gcc/nios2-elf/3.4.6/../../../../nios2-elf/lib/libc.a(printf.o) (__vfprintf_internal)
/cygdrive/c/altera/91/nios2eds/bin/nios2-gnutools/H-i686-pc-cygwin/bin/../lib/gcc/nios2-elf/3.4.6/../../../../nios2-elf/lib/libc.a(wcrtomb.o)
                              /cygdrive/c/altera/91/nios2eds/bin/nios2-gnutools/H-i686-pc-cygwin/bin/../lib/gcc/nios2-elf/3.4.6/../../../../nios2-elf/lib/libc.a(vfprintf1.o) (_wcrtomb_r)
/cygdrive/c/altera/91/nios2eds/bin/nios2-gnutools/H-i686-pc-cygwin/bin/../lib/gcc/nios2-elf/3.4.6/../../../../nios2-elf/lib/libc.a(wcsrtombs.o)
                              /cygdrive/c/altera/91/nios2eds/bin/nios2-gnutools/H-i686-pc-cygwin/bin/../lib/gcc/nios2-elf/3.4.6/../../../../nios2-elf/lib/libc.a(vfprintf1.o) (_wcsrtombs_r)
/cygdrive/c/altera/91/nios2eds/bin/nios2-gnutools/H-i686-pc-cygwin/bin/../lib/gcc/nios2-elf/3.4.6/../../../../nios2-elf/lib/libc.a(wctomb_r.o)
                              /cygdrive/c/altera/91/nios2eds/bin/nios2-gnutools/H-i686-pc-cygwin/bin/../lib/gcc/nios2-elf/3.4.6/../../../../nios2-elf/lib/libc.a(wcrtomb.o) (_wctomb_r)
/cygdrive/c/altera/91/nios2eds/bin/nios2-gnutools/H-i686-pc-cygwin/bin/../lib/gcc/nios2-elf/3.4.6/../../../../nios2-elf/lib/libc.a(wsetup.o)
                              /cygdrive/c/altera/91/nios2eds/bin/nios2-gnutools/H-i686-pc-cygwin/bin/../lib/gcc/nios2-elf/3.4.6/../../../../nios2-elf/lib/libc.a(vfprintf1.o) (__swsetup)
/cygdrive/c/altera/91/nios2eds/bin/nios2-gnutools/H-i686-pc-cygwin/bin/../lib/gcc/nios2-elf/3.4.6/../../../../nios2-elf/lib/libc.a(dtoa.o)
                              /cygdrive/c/altera/91/nios2eds/bin/nios2-gnutools/H-i686-pc-cygwin/bin/../lib/gcc/nios2-elf/3.4.6/../../../../nios2-elf/lib/libc.a(vfprintf1.o) (_dtoa_r)
/cygdrive/c/altera/91/nios2eds/bin/nios2-gnutools/H-i686-pc-cygwin/bin/../lib/gcc/nios2-elf/3.4.6/../../../../nios2-elf/lib/libc.a(fflush.o)
                              /cygdrive/c/altera/91/nios2eds/bin/nios2-gnutools/H-i686-pc-cygwin/bin/../lib/gcc/nios2-elf/3.4.6/../../../../nios2-elf/lib/libc.a(vfprintf1.o) (fflush)
/cygdrive/c/altera/91/nios2eds/bin/nios2-gnutools/H-i686-pc-cygwin/bin/../lib/gcc/nios2-elf/3.4.6/../../../../nios2-elf/lib/libc.a(findfp.o)
                              /cygdrive/c/altera/91/nios2eds/bin/nios2-gnutools/H-i686-pc-cygwin/bin/../lib/gcc/nios2-elf/3.4.6/../../../../nios2-elf/lib/libc.a(vfprintf1.o) (__sinit)
/cygdrive/c/altera/91/nios2eds/bin/nios2-gnutools/H-i686-pc-cygwin/bin/../lib/gcc/nios2-elf/3.4.6/../../../../nios2-elf/lib/libc.a(freer.o)
                              /cygdrive/c/altera/91/nios2eds/bin/nios2-gnutools/H-i686-pc-cygwin/bin/../lib/gcc/nios2-elf/3.4.6/../../../../nios2-elf/lib/libc.a(wsetup.o) (_free_r)
/cygdrive/c/altera/91/nios2eds/bin/nios2-gnutools/H-i686-pc-cygwin/bin/../lib/gcc/nios2-elf/3.4.6/../../../../nios2-elf/lib/libc.a(fvwrite.o)
                              /cygdrive/c/altera/91/nios2eds/bin/nios2-gnutools/H-i686-pc-cygwin/bin/../lib/gcc/nios2-elf/3.4.6/../../../../nios2-elf/lib/libc.a(puts.o) (__sfvwrite)
/cygdrive/c/altera/91/nios2eds/bin/nios2-gnutools/H-i686-pc-cygwin/bin/../lib/gcc/nios2-elf/3.4.6/../../../../nios2-elf/lib/libc.a(fwalk.o)
                              /cygdrive/c/altera/91/nios2eds/bin/nios2-gnutools/H-i686-pc-cygwin/bin/../lib/gcc/nios2-elf/3.4.6/../../../../nios2-elf/lib/libc.a(fflush.o) (_fwalk)
/cygdrive/c/altera/91/nios2eds/bin/nios2-gnutools/H-i686-pc-cygwin/bin/../lib/gcc/nios2-elf/3.4.6/../../../../nios2-elf/lib/libc.a(impure.o)
                              /cygdrive/c/altera/91/nios2eds/bin/nios2-gnutools/H-i686-pc-cygwin/bin/../lib/gcc/nios2-elf/3.4.6/../../../../nios2-elf/lib/libc.a(printf.o) (_impure_ptr)
[...]
Memory Configuration

Name             Origin             Length             Attributes
sdram            0x00800000         0x00800000
flash            0x01400000         0x00400000
reset            0x01880000         0x00000020
sram             0x01880020         0x0007ffe0
*default*        0x00000000         0xffffffff

Linker script and memory map

LOAD BSP/obj/HAL/src/crt0.o
LOAD obj//cygdrive/f/hw8a/led_count.o
LOAD /cygdrive/c/altera/91/nios2eds/bin/nios2-gnutools/H-i686-pc-cygwin/bin/../lib/gcc/nios2-elf/3.4.6/../../../../nios2-elf/lib/libstdc++.a
LOAD /cygdrive/c/altera/91/nios2eds/bin/nios2-gnutools/H-i686-pc-cygwin/bin/../lib/gcc/nios2-elf/3.4.6/../../../../nios2-elf/lib/libm.a
LOAD /cygdrive/c/altera/91/nios2eds/bin/nios2-gnutools/H-i686-pc-cygwin/bin/../lib/gcc/nios2-elf/3.4.6/libgcc.a
START GROUP
LOAD /cygdrive/c/altera/91/nios2eds/bin/nios2-gnutools/H-i686-pc-cygwin/bin/../lib/gcc/nios2-elf/3.4.6/../../../../nios2-elf/lib/libc.a
LOAD /cygdrive/c/altera/91/nios2eds/bin/nios2-gnutools/H-i686-pc-cygwin/bin/../lib/gcc/nios2-elf/3.4.6/libgcc.a
LOAD BSP/libhal_bsp.a
END GROUP
LOAD /cygdrive/c/altera/91/nios2eds/bin/nios2-gnutools/H-i686-pc-cygwin/bin/../lib/gcc/nios2-elf/3.4.6/libgcc.a
                0x00800000                __alt_mem_sdram = 0x800000
                0x01400000                __alt_mem_flash = 0x1400000
                0x01880000                __alt_mem_sram = 0x1880000

.entry          0x01880000       0x20
 *(.entry)
 .entry         0x01880000       0x20 BSP/obj/HAL/src/crt0.o
                0x01880000                __reset

.exceptions     0x01880020      0x138 load address 0x00800000
                0x01880020                PROVIDE (__ram_exceptions_start, <code 336> (.))
                0x01880020                . = ALIGN (0x20)
 *(.irq)
 *(.exceptions.entry.label)
 *(.exceptions.entry.user)
 *(.exceptions.entry)
 .exceptions.entry
                0x01880020       0x54 BSP/libhal_bsp.a(alt_exception_entry.o)
 *(.exceptions.irqtest.user)
 *(.exceptions.irqtest)
 .exceptions.irqtest
                0x01880074       0x10 BSP/libhal_bsp.a(alt_irq_entry.o)
 *(.exceptions.irqhandler.user)
 *(.exceptions.irqhandler)
 .exceptions.irqhandler
                0x01880084        0x4 BSP/libhal_bsp.a(alt_irq_entry.o)
 *(.exceptions.irqreturn.user)
 *(.exceptions.irqreturn)
 .exceptions.irqreturn
                0x01880088        0x4 BSP/libhal_bsp.a(alt_irq_entry.o)
 *(.exceptions.notirq.label)
 *(.exceptions.notirq.user)
 *(.exceptions.notirq)
 .exceptions.notirq
                0x0188008c        0x8 BSP/libhal_bsp.a(alt_exception_entry.o)
 *(.exceptions.soft.user)
 *(.exceptions.soft)
 *(.exceptions.unknown.user)
 *(.exceptions.unknown)
 .exceptions.unknown
                0x01880094        0x4 BSP/libhal_bsp.a(alt_exception_entry.o)
 *(.exceptions.exit.label)
 *(.exceptions.exit.user)
 *(.exceptions.exit)
 .exceptions.exit
                0x01880098       0x54 BSP/libhal_bsp.a(alt_exception_entry.o)
 *(.exceptions)
 .exceptions    0x018800ec       0x6c BSP/libhal_bsp.a(alt_irq_handler.o)
                0x018800ec                alt_irq_handler
                0x01880158                PROVIDE (__ram_exceptions_end, <code 336> (.))
                0x00800000                PROVIDE (__flash_exceptions_start, LOADADDR (.exceptions))

.text           0x00800138     0xc97c load address 0x00800138
                0x00800138                PROVIDE (stext, <code 336> (.))
 *(.interp)
 *(.hash)
 *(.dynsym)
 *(.dynstr)
 *(.gnu.version)
 *(.gnu.version_d)
 *(.gnu.version_r)
 *(.rel.init)
 *(.rela.init)
 *(.rel.text .rel.text.* .rel.gnu.linkonce.t.*)
 *(.rela.text .rela.text.* .rela.gnu.linkonce.t.*)
 *(.rel.fini)
 *(.rela.fini)
 *(.rel.rodata .rel.rodata.* .rel.gnu.linkonce.r.*)
 *(.rela.rodata .rela.rodata.* .rela.gnu.linkonce.r.*)
 *(.rel.data .rel.data.* .rel.gnu.linkonce.d.*)
 *(.rela.data .rela.data.* .rela.gnu.linkonce.d.*)
 *(.rel.tdata .rel.tdata.* .rel.gnu.linkonce.td.*)
 *(.rela.tdata .rela.tdata.* .rela.gnu.linkonce.td.*)
 *(.rel.tbss .rel.tbss.* .rel.gnu.linkonce.tb.*)
 *(.rela.tbss .rela.tbss.* .rela.gnu.linkonce.tb.*)
 *(.rel.ctors)
 *(.rela.ctors)
 *(.rel.dtors)
 *(.rela.dtors)
 *(.rel.got)
 *(.rela.got)
 *(.rel.sdata .rel.sdata.* .rel.gnu.linkonce.s.*)
 *(.rela.sdata .rela.sdata.* .rela.gnu.linkonce.s.*)
 *(.rel.sbss .rel.sbss.* .rel.gnu.linkonce.sb.*)
 *(.rela.sbss .rela.sbss.* .rela.gnu.linkonce.sb.*)
 *(.rel.sdata2 .rel.sdata2.* .rel.gnu.linkonce.s2.*)
 *(.rela.sdata2 .rela.sdata2.* .rela.gnu.linkonce.s2.*)
 *(.rel.sbss2 .rel.sbss2.* .rel.gnu.linkonce.sb2.*)
 *(.rela.sbss2 .rela.sbss2.* .rela.gnu.linkonce.sb2.*)
 *(.rel.bss .rel.bss.* .rel.gnu.linkonce.b.*)
 *(.rela.bss .rela.bss.* .rela.gnu.linkonce.b.*)
 *(.rel.plt)
 *(.rela.plt)
 *(.init)
 *(.plt)
 *(.text .stub .text.* .gnu.linkonce.t.*)
 .text          0x00800138       0x3c BSP/obj/HAL/src/crt0.o
                0x00800138                _start
 .text          0x00800174      0x23c obj//cygdrive/f/hw8a/led_count.o
                0x008001a4                SW_BITSWAP
                0x00800174                wait
                0x008001d0                main
 .text          0x008003b0      0x11c /cygdrive/c/altera/91/nios2eds/bin/nios2-gnutools/H-i686-pc-cygwin/bin/../lib/gcc/nios2-elf/3.4.6/libgcc.a(lib2-divmod.o)
                0x008004ac                __udivsi3
                0x008004bc                __umodsi3
                0x00800410                __divsi3
                0x00800460                __modsi3
 .text          0x008004cc       0x34 /cygdrive/c/altera/91/nios2eds/bin/nios2-gnutools/H-i686-pc-cygwin/bin/../lib/gcc/nios2-elf/3.4.6/../../../../nios2-elf/lib/libc.a(printf.o)
                0x008004cc                printf
 .text          0x00800500       0x98 /cygdrive/c/altera/91/nios2eds/bin/nios2-gnutools/H-i686-pc-cygwin/bin/../lib/gcc/nios2-elf/3.4.6/../../../../nios2-elf/lib/libc.a(puts.o)
                0x00800500                _puts_r
                0x00800584                puts
 .text          0x00800598       0x5c /cygdrive/c/altera/91/nios2eds/bin/nios2-gnutools/H-i686-pc-cygwin/bin/../lib/gcc/nios2-elf/3.4.6/../../../../nios2-elf/lib/libc.a(strlen.o)
                0x00800598                strlen
 .text          0x008005f4     0x1d28 /cygdrive/c/altera/91/nios2eds/bin/nios2-gnutools/H-i686-pc-cygwin/bin/../lib/gcc/nios2-elf/3.4.6/../../../../nios2-elf/lib/libc.a(vfprintf1.o)
                0x0080064c                ___vfprintf_internal_r
                0x008022b0                __vfprintf_internal
 .text          0x0080231c       0x88 /cygdrive/c/altera/91/nios2eds/bin/nios2-gnutools/H-i686-pc-cygwin/bin/../lib/gcc/nios2-elf/3.4.6/../../../../nios2-elf/lib/libc.a(wcrtomb.o)
                0x0080231c                _wcrtomb_r
                0x00802380                wcrtomb
 .text          0x008023a4      0x17c /cygdrive/c/altera/91/nios2eds/bin/nios2-gnutools/H-i686-pc-cygwin/bin/../lib/gcc/nios2-elf/3.4.6/../../../../nios2-elf/lib/libc.a(wcsrtombs.o)
                0x008023a4                _wcsrtombs_r
                0x008024e4                wcsrtombs
 .text          0x00802520      0x454 /cygdrive/c/altera/91/nios2eds/bin/nios2-gnutools/H-i686-pc-cygwin/bin/../lib/gcc/nios2-elf/3.4.6/../../../../nios2-elf/lib/libc.a(wctomb_r.o)
                0x00802520                _wctomb_r
 .text          0x00802974      0x10c /cygdrive/c/altera/91/nios2eds/bin/nios2-gnutools/H-i686-pc-cygwin/bin/../lib/gcc/nios2-elf/3.4.6/../../../../nios2-elf/lib/libc.a(wsetup.o)
                0x00802974                __swsetup
 .text          0x00802a80     0x15e8 /cygdrive/c/altera/91/nios2eds/bin/nios2-gnutools/H-i686-pc-cygwin/bin/../lib/gcc/nios2-elf/3.4.6/../../../../nios2-elf/lib/libc.a(dtoa.o)
                0x00802c7c                _dtoa_r
 .text          0x00804068       0xe8 /cygdrive/c/altera/91/nios2eds/bin/nios2-gnutools/H-i686-pc-cygwin/bin/../lib/gcc/nios2-elf/3.4.6/../../../../nios2-elf/lib/libc.a(fflush.o)
                0x00804068                fflush
 .text          0x00804150      0x118 /cygdrive/c/altera/91/nios2eds/bin/nios2-gnutools/H-i686-pc-cygwin/bin/../lib/gcc/nios2-elf/3.4.6/../../../../nios2-elf/lib/libc.a(findfp.o)
                0x008041cc                __sinit
                0x008041bc                _cleanup
                0x008041a8                _cleanup_r
 .text          0x00804268      0x3dc /cygdrive/c/altera/91/nios2eds/bin/nios2-gnutools/H-i686-pc-cygwin/bin/../lib/gcc/nios2-elf/3.4.6/../../../../nios2-elf/lib/libc.a(freer.o)
                0x0080438c                _free_r
                0x00804268                _malloc_trim_r
 .text          0x00804644      0x384 /cygdrive/c/altera/91/nios2eds/bin/nios2-gnutools/H-i686-pc-cygwin/bin/../lib/gcc/nios2-elf/3.4.6/../../../../nios2-elf/lib/libc.a(fvwrite.o)
                0x00804644                __sfvwrite
 .text          0x008049c8       0xd4 /cygdrive/c/altera/91/nios2eds/bin/nios2-gnutools/H-i686-pc-cygwin/bin/../lib/gcc/nios2-elf/3.4.6/../../../../nios2-elf/lib/libc.a(fwalk.o)
                0x008049c8                _fwalk
 .text          0x00804a9c       0xc8 /cygdrive/c/altera/91/nios2eds/bin/nios2-gnutools/H-i686-pc-cygwin/bin/../lib/gcc/nios2-elf/3.4.6/../../../../nios2-elf/lib/libc.a(locale.o)
                0x00804a9c                _setlocale_r
                0x00804b24                __locale_charset
                0x00804b2c                _localeconv_r
                0x00804b38                setlocale
                0x00804b54                localeconv
 .text          0x00804b64      0x148 /cygdrive/c/altera/91/nios2eds/bin/nios2-gnutools/H-i686-pc-cygwin/bin/../lib/gcc/nios2-elf/3.4.6/../../../../nios2-elf/lib/libc.a(makebuf.o)
                0x00804b64                __smakebuf
 .text          0x00804cac       0x28 /cygdrive/c/altera/91/nios2eds/bin/nios2-gnutools/H-i686-pc-cygwin/bin/../lib/gcc/nios2-elf/3.4.6/../../../../nios2-elf/lib/libc.a(malloc.o)
                0x00804cac                malloc
                0x00804cc0                free
 .text          0x00804cd4      0x6b8 /cygdrive/c/altera/91/nios2eds/bin/nios2-gnutools/H-i686-pc-cygwin/bin/../lib/gcc/nios2-elf/3.4.6/../../../../nios2-elf/lib/libc.a(mallocr.o)
                0x00804cd4                _malloc_r
 .text          0x0080538c       0xcc /cygdrive/c/altera/91/nios2eds/bin/nios2-gnutools/H-i686-pc-cygwin/bin/../lib/gcc/nios2-elf/3.4.6/../../../../nios2-elf/lib/libc.a(memchr.o)
                0x0080538c                memchr
 .text          0x00805458       0xbc /cygdrive/c/altera/91/nios2eds/bin/nios2-gnutools/H-i686-pc-cygwin/bin/../lib/gcc/nios2-elf/3.4.6/../../../../nios2-elf/lib/libc.a(memcpy.o)
                0x00805458                memcpy
 .text          0x00805514      0x108 /cygdrive/c/altera/91/nios2eds/bin/nios2-gnutools/H-i686-pc-cygwin/bin/../lib/gcc/nios2-elf/3.4.6/../../../../nios2-elf/lib/libc.a(memmove.o)
                0x00805514                memmove
 .text          0x0080561c       0x9c /cygdrive/c/altera/91/nios2eds/bin/nios2-gnutools/H-i686-pc-cygwin/bin/../lib/gcc/nios2-elf/3.4.6/../../../../nios2-elf/lib/libc.a(memset.o)
                0x0080561c                memset
 .text          0x008056b8      0xec0 /cygdrive/c/altera/91/nios2eds/bin/nios2-gnutools/H-i686-pc-cygwin/bin/../lib/gcc/nios2-elf/3.4.6/../../../../nios2-elf/lib/libc.a(mprec.o)
                0x008064c8                _mprec_log10
                0x00805980                _hi0bits
                0x008056b8                _Balloc
                0x008062a0                _d2b
                0x00805ad4                _multiply
                0x0080641c                _ratio
                0x00805884                _s2b
                0x00805a98                _i2b
                0x008059e4                _lo0bits
                0x00805f0c                __mcmp
                0x00805ca8                _pow5mult
                0x008060f4                _ulp
                0x0080617c                _b2d
                0x0080578c                _multadd
                0x00805f70                __mdiff
                0x00805dd4                _lshift
                0x00805768                _Bfree
 .text          0x00806578      0x550 /cygdrive/c/altera/91/nios2eds/bin/nios2-gnutools/H-i686-pc-cygwin/bin/../lib/gcc/nios2-elf/3.4.6/../../../../nios2-elf/lib/libc.a(reallocr.o)
                0x00806578                _realloc_r
 .text          0x00806ac8       0x44 /cygdrive/c/altera/91/nios2eds/bin/nios2-gnutools/H-i686-pc-cygwin/bin/../lib/gcc/nios2-elf/3.4.6/../../../../nios2-elf/lib/libc.a(s_isinf.o)
                0x00806ac8                isinf
 .text          0x00806b0c       0x34 /cygdrive/c/altera/91/nios2eds/bin/nios2-gnutools/H-i686-pc-cygwin/bin/../lib/gcc/nios2-elf/3.4.6/../../../../nios2-elf/lib/libc.a(s_isnan.o)
                0x00806b0c                isnan
 .text          0x00806b40       0x4c /cygdrive/c/altera/91/nios2eds/bin/nios2-gnutools/H-i686-pc-cygwin/bin/../lib/gcc/nios2-elf/3.4.6/../../../../nios2-elf/lib/libc.a(sbrkr.o)
                0x00806b40                _sbrk_r
 .text          0x00806b8c      0x17c /cygdrive/c/altera/91/nios2eds/bin/nios2-gnutools/H-i686-pc-cygwin/bin/../lib/gcc/nios2-elf/3.4.6/../../../../nios2-elf/lib/libc.a(stdio.o)
                0x00806c7c                __sseek
                0x00806b8c                __sread
                0x00806cf4                __sclose
                0x00806bfc                __swrite
 .text          0x00806d08       0xb8 /cygdrive/c/altera/91/nios2eds/bin/nios2-gnutools/H-i686-pc-cygwin/bin/../lib/gcc/nios2-elf/3.4.6/../../../../nios2-elf/lib/libc.a(strcmp.o)
                0x00806d08                strcmp
 .text          0x00806dc0       0x64 /cygdrive/c/altera/91/nios2eds/bin/nios2-gnutools/H-i686-pc-cygwin/bin/../lib/gcc/nios2-elf/3.4.6/../../../../nios2-elf/lib/libc.a(writer.o)
                0x00806dc0                _write_r
 .text          0x00806e24       0xb0 /cygdrive/c/altera/91/nios2eds/bin/nios2-gnutools/H-i686-pc-cygwin/bin/../lib/gcc/nios2-elf/3.4.6/../../../../nios2-elf/lib/libc.a(callocr.o)
                0x00806e24                _calloc_r
 .text          0x00806ed4       0x5c /cygdrive/c/altera/91/nios2eds/bin/nios2-gnutools/H-i686-pc-cygwin/bin/../lib/gcc/nios2-elf/3.4.6/../../../../nios2-elf/lib/libc.a(closer.o)
                0x00806ed4                _close_r
 .text          0x00806f30       0x60 /cygdrive/c/altera/91/nios2eds/bin/nios2-gnutools/H-i686-pc-cygwin/bin/../lib/gcc/nios2-elf/3.4.6/../../../../nios2-elf/lib/libc.a(fstatr.o)
                0x00806f30                _fstat_r
 .text          0x00806f90       0x64 /cygdrive/c/altera/91/nios2eds/bin/nios2-gnutools/H-i686-pc-cygwin/bin/../lib/gcc/nios2-elf/3.4.6/../../../../nios2-elf/lib/libc.a(lseekr.o)
                0x00806f90                _lseek_r
 .text          0x00806ff4       0x64 /cygdrive/c/altera/91/nios2eds/bin/nios2-gnutools/H-i686-pc-cygwin/bin/../lib/gcc/nios2-elf/3.4.6/../../../../nios2-elf/lib/libc.a(readr.o)
                0x00806ff4                _read_r
 .text          0x00807058       0x20 /cygdrive/c/altera/91/nios2eds/bin/nios2-gnutools/H-i686-pc-cygwin/bin/../lib/gcc/nios2-elf/3.4.6/libgcc.a(_negdi2.o)
                0x00807058                __negdi2
 .text          0x00807078      0x560 /cygdrive/c/altera/91/nios2eds/bin/nios2-gnutools/H-i686-pc-cygwin/bin/../lib/gcc/nios2-elf/3.4.6/libgcc.a(_udivdi3.o)
                0x00807078                __udivdi3
 .text          0x008075d8      0x51c /cygdrive/c/altera/91/nios2eds/bin/nios2-gnutools/H-i686-pc-cygwin/bin/../lib/gcc/nios2-elf/3.4.6/libgcc.a(_umoddi3.o)
                0x008075d8                __umoddi3
 .text          0x00807af4      0x400 /cygdrive/c/altera/91/nios2eds/bin/nios2-gnutools/H-i686-pc-cygwin/bin/../lib/gcc/nios2-elf/3.4.6/libgcc.a(_addsub_df.o)
                0x00807e10                __adddf3
                0x00807e7c                __subdf3
 .text          0x00807ef4      0x400 /cygdrive/c/altera/91/nios2eds/bin/nios2-gnutools/H-i686-pc-cygwin/bin/../lib/gcc/nios2-elf/3.4.6/libgcc.a(_mul_df.o)
                0x00807ef4                __muldf3
 .text          0x008082f4      0x250 /cygdrive/c/altera/91/nios2eds/bin/nios2-gnutools/H-i686-pc-cygwin/bin/../lib/gcc/nios2-elf/3.4.6/libgcc.a(_div_df.o)
                0x008082f4                __divdf3
 .text          0x00808544       0x8c /cygdrive/c/altera/91/nios2eds/bin/nios2-gnutools/H-i686-pc-cygwin/bin/../lib/gcc/nios2-elf/3.4.6/libgcc.a(_eq_df.o)
                0x00808544                __eqdf2
 .text          0x008085d0       0x8c /cygdrive/c/altera/91/nios2eds/bin/nios2-gnutools/H-i686-pc-cygwin/bin/../lib/gcc/nios2-elf/3.4.6/libgcc.a(_ne_df.o)
                0x008085d0                __nedf2
 .text          0x0080865c       0x8c /cygdrive/c/altera/91/nios2eds/bin/nios2-gnutools/H-i686-pc-cygwin/bin/../lib/gcc/nios2-elf/3.4.6/libgcc.a(_gt_df.o)
                0x0080865c                __gtdf2
 .text          0x008086e8       0x8c /cygdrive/c/altera/91/nios2eds/bin/nios2-gnutools/H-i686-pc-cygwin/bin/../lib/gcc/nios2-elf/3.4.6/libgcc.a(_ge_df.o)
                0x008086e8                __gedf2
 .text          0x00808774       0x8c /cygdrive/c/altera/91/nios2eds/bin/nios2-gnutools/H-i686-pc-cygwin/bin/../lib/gcc/nios2-elf/3.4.6/libgcc.a(_lt_df.o)
                0x00808774                __ltdf2
 .text          0x00808800       0xd0 /cygdrive/c/altera/91/nios2eds/bin/nios2-gnutools/H-i686-pc-cygwin/bin/../lib/gcc/nios2-elf/3.4.6/libgcc.a(_si_to_df.o)
                0x00808800                __floatsidf
 .text          0x008088d0       0xb0 /cygdrive/c/altera/91/nios2eds/bin/nios2-gnutools/H-i686-pc-cygwin/bin/../lib/gcc/nios2-elf/3.4.6/libgcc.a(_df_to_si.o)
                0x008088d0                __fixdfsi
 .text          0x00808980       0x90 /cygdrive/c/altera/91/nios2eds/bin/nios2-gnutools/H-i686-pc-cygwin/bin/../lib/gcc/nios2-elf/3.4.6/libgcc.a(_muldi3.o)
                0x00808980                __muldi3
 .text          0x00808a10       0x50 /cygdrive/c/altera/91/nios2eds/bin/nios2-gnutools/H-i686-pc-cygwin/bin/../lib/gcc/nios2-elf/3.4.6/libgcc.a(_lshrdi3.o)
                0x00808a10                __lshrdi3
 .text          0x00808a60      0x290 /cygdrive/c/altera/91/nios2eds/bin/nios2-gnutools/H-i686-pc-cygwin/bin/../lib/gcc/nios2-elf/3.4.6/libgcc.a(_pack_df.o)
                0x00808a60                __pack_d
 .text          0x00808cf0      0x128 /cygdrive/c/altera/91/nios2eds/bin/nios2-gnutools/H-i686-pc-cygwin/bin/../lib/gcc/nios2-elf/3.4.6/libgcc.a(_unpack_df.o)
                0x00808cf0                __unpack_d
 .text          0x00808e18      0x114 /cygdrive/c/altera/91/nios2eds/bin/nios2-gnutools/H-i686-pc-cygwin/bin/../lib/gcc/nios2-elf/3.4.6/libgcc.a(_fpcmp_parts_df.o)
                0x00808e18                __fpcmp_parts_d
 .text          0x00808f2c       0x50 /cygdrive/c/altera/91/nios2eds/bin/nios2-gnutools/H-i686-pc-cygwin/bin/../lib/gcc/nios2-elf/3.4.6/libgcc.a(_ashldi3.o)
                0x00808f2c                __ashldi3
 .text          0x00808f7c       0xb0 BSP/libhal_bsp.a(alt_close.o)
                0x00808f7c                close
 .text          0x0080902c        0x8 BSP/libhal_bsp.a(alt_dev.o)
 .text          0x00809034       0x78 BSP/libhal_bsp.a(alt_fstat.o)
                0x00809034                fstat
 .text          0x008090ac       0x78 BSP/libhal_bsp.a(alt_isatty.o)
                0x008090ac                isatty
 .text          0x00809124       0xb8 BSP/libhal_bsp.a(alt_load.o)
                0x00809124                alt_load
 .text          0x008091dc       0x80 BSP/libhal_bsp.a(alt_lseek.o)
                0x008091dc                lseek
 .text          0x0080925c       0x50 BSP/libhal_bsp.a(alt_main.o)
                0x0080925c                alt_main
 .text          0x008092ac        0x8 BSP/libhal_bsp.a(alt_malloc_lock.o)
                0x008092b0                __malloc_unlock
                0x008092ac                __malloc_lock
 .text          0x008092b4       0xc8 BSP/libhal_bsp.a(alt_read.o)
                0x008092b4                read
 .text          0x0080937c       0x24 BSP/libhal_bsp.a(alt_release_fd.o)
                0x0080937c                alt_release_fd
 .text          0x008093a0       0x5c BSP/libhal_bsp.a(alt_sbrk.o)
                0x008093a0                sbrk
 .text          0x008093fc       0xe4 BSP/libhal_bsp.a(alt_tick.o)
                0x00809430                alt_tick
                0x008093fc                alt_alarm_stop
 .text          0x008094e0       0xc4 BSP/libhal_bsp.a(alt_write.o)
                0x008094e0                write
 .text          0x008095a4       0xbc BSP/libhal_bsp.a(alt_sys_init.o)
                0x008095c4                alt_sys_init
                0x008095a4                alt_irq_init
 .text          0x00809660      0x4b8 BSP/libhal_bsp.a(altera_avalon_cfi_flash.o)
                0x008096b8                alt_flash_cfi_write
                0x0080994c                alt_flash_program_block
                0x0080988c                alt_flash_cfi_read
                0x00809660                alt_flash_cfi_init
                0x008098b8                alt_write_value_to_flash
                0x0080984c                alt_flash_cfi_get_info
 .text          0x00809b18      0xba0 BSP/libhal_bsp.a(altera_avalon_cfi_flash_table.o)
                0x00809b44                alt_read_query_entry_32bit
                0x00809bc4                alt_write_flash_command_32bit_device_16bit_mode
                0x00809b18                alt_read_query_entry_8bit
                0x00809d6c                alt_set_flash_algorithm_func
                0x00809b5c                alt_write_flash_command_8bit_device_8bit_mode
                0x0080a60c                alt_check_primary_table
                0x00809bec                alt_write_native_8bit
                0x00809b6c                alt_write_flash_command_16bit_device_8bit_mode
                0x00809e40                alt_read_cfi_table
                0x00809b2c                alt_read_query_entry_16bit
                0x00809c0c                alt_set_flash_width_func
                0x0080a148                alt_read_cfi_width
                0x00809bb0                alt_write_flash_command_16bit_device_16bit_mode
                0x00809bd8                alt_write_flash_command_32bit_device_32bit_mode
                0x00809bf8                alt_write_native_16bit
                0x00809b9c                alt_write_flash_command_32bit_device_8bit_mode
                0x00809c04                alt_write_native_32bit
 .text          0x0080a6b8       0x98 BSP/libhal_bsp.a(altera_avalon_jtag_uart_fd.o)
                0x0080a6b8                altera_avalon_jtag_uart_read_fd
                0x0080a708                altera_avalon_jtag_uart_close_fd
                0x0080a730                altera_avalon_jtag_uart_ioctl_fd
                0x0080a6e0                altera_avalon_jtag_uart_write_fd
 .text          0x0080a750      0x230 BSP/libhal_bsp.a(altera_avalon_jtag_uart_init.o)
                0x0080a750                altera_avalon_jtag_uart_init
                0x0080a934                altera_avalon_jtag_uart_close
 .text          0x0080a980       0x78 BSP/libhal_bsp.a(altera_avalon_jtag_uart_ioctl.o)
                0x0080a980                altera_avalon_jtag_uart_ioctl
 .text          0x0080a9f8      0x13c BSP/libhal_bsp.a(altera_avalon_jtag_uart_read.o)
                0x0080a9f8                altera_avalon_jtag_uart_read
 .text          0x0080ab34      0x154 BSP/libhal_bsp.a(altera_avalon_jtag_uart_write.o)
                0x0080ab34                altera_avalon_jtag_uart_write
 .text          0x0080ac88      0x958 BSP/libhal_bsp.a(altera_avalon_lcd_16207.o)
                0x0080b1bc                altera_avalon_lcd_16207_write
                0x0080b504                altera_avalon_lcd_16207_init
 .text          0x0080b5e0       0x28 BSP/libhal_bsp.a(altera_avalon_lcd_16207_fd.o)
                0x0080b5e0                altera_avalon_lcd_16207_write_fd
 .text          0x0080b608       0x84 BSP/libhal_bsp.a(altera_avalon_timer_sc.o)
                0x0080b644                alt_avalon_timer_sc_init
 .text          0x0080b68c       0x78 BSP/libhal_bsp.a(altera_avalon_uart_fd.o)
                0x0080b6b4                altera_avalon_uart_write_fd
                0x0080b6dc                altera_avalon_uart_close_fd
                0x0080b68c                altera_avalon_uart_read_fd
 .text          0x0080b704      0x1e0 BSP/libhal_bsp.a(altera_avalon_uart_init.o)
                0x0080b704                altera_avalon_uart_init
                0x0080b8b0                altera_avalon_uart_close
 .text          0x0080b8e4      0x124 BSP/libhal_bsp.a(altera_avalon_uart_read.o)
                0x0080b8e4                altera_avalon_uart_read
 .text          0x0080ba08       0xfc BSP/libhal_bsp.a(altera_avalon_uart_write.o)
                0x0080ba08                altera_avalon_uart_write
 .text          0x0080bb04       0x80 BSP/libhal_bsp.a(alt_alarm_start.o)
                0x0080bb04                alt_alarm_start
 .text          0x0080bb84        0x4 BSP/libhal_bsp.a(alt_dcache_flush.o)
                0x0080bb84                alt_dcache_flush
 .text          0x0080bb88        0x4 BSP/libhal_bsp.a(alt_dcache_flush_all.o)
                0x0080bb88                alt_dcache_flush_all
 .text          0x0080bb8c       0x60 BSP/libhal_bsp.a(alt_dev_llist_insert.o)
                0x0080bb8c                alt_dev_llist_insert
 .text          0x0080bbec       0x64 BSP/libhal_bsp.a(alt_flash_dev.o)
                0x0080bbec                alt_flash_open_dev
                0x0080bc2c                alt_flash_close_dev
 .text          0x0080bc50       0x20 BSP/libhal_bsp.a(alt_icache_flush_all.o)
                0x0080bc50                alt_icache_flush_all
 .text          0x0080bc70       0xa8 BSP/libhal_bsp.a(alt_iic.o)
                0x0080bd00                alt_ic_irq_enabled
                0x0080bc70                alt_ic_isr_register
                0x0080bcc8                alt_ic_irq_disable
                0x0080bc90                alt_ic_irq_enable
 .text          0x0080bd18       0xdc BSP/libhal_bsp.a(alt_io_redirect.o)
                0x0080bd7c                alt_io_redirect
 .text          0x0080bdf4       0xb4 BSP/libhal_bsp.a(alt_irq_register.o)
                0x0080bdf4                alt_irq_register
 .text          0x0080bea8      0x194 BSP/libhal_bsp.a(alt_open.o)
                0x0080bf0c                open
 .text          0x0080c03c       0x18 BSP/libhal_bsp.a(alt_usleep.o)
                0x0080c03c                usleep
 .text          0x0080c054        0x8 BSP/libhal_bsp.a(altera_nios2_irq.o)
                0x0080c054                altera_nios2_irq_init
 .text          0x0080c05c      0x33c BSP/libhal_bsp.a(altera_avalon_cfi_flash_amd.o)
                0x0080c08c                alt_erase_block_amd
                0x0080c05c                alt_program_amd
 .text          0x0080c398      0x2fc BSP/libhal_bsp.a(altera_avalon_cfi_flash_intel.o)
                0x0080c398                alt_program_intel
                0x0080c3f8                alt_erase_block_intel
 .text          0x0080c694       0xf0 BSP/libhal_bsp.a(alt_busy_sleep.o)
                0x0080c694                alt_busy_sleep
 .text          0x0080c784       0x74 BSP/libhal_bsp.a(alt_find_dev.o)
                0x0080c784                alt_find_dev
 .text          0x0080c7f8       0xb4 BSP/libhal_bsp.a(alt_find_file.o)
                0x0080c7f8                alt_find_file
 .text          0x0080c8ac       0x58 BSP/libhal_bsp.a(alt_get_fd.o)
                0x0080c8ac                alt_get_fd
 .text          0x0080c904       0x3c BSP/libhal_bsp.a(alt_icache_flush.o)
                0x0080c904                alt_icache_flush
 .text          0x0080c940       0xe4 /cygdrive/c/altera/91/nios2eds/bin/nios2-gnutools/H-i686-pc-cygwin/bin/../lib/gcc/nios2-elf/3.4.6/../../../../nios2-elf/lib/libc.a(exit.o)
                0x0080c940                exit
 .text          0x0080ca24       0x70 /cygdrive/c/altera/91/nios2eds/bin/nios2-gnutools/H-i686-pc-cygwin/bin/../lib/gcc/nios2-elf/3.4.6/../../../../nios2-elf/lib/libc.a(memcmp.o)
                0x0080ca24                memcmp
 .text          0x0080ca94       0x20 BSP/libhal_bsp.a(alt_exit.o)
                0x0080caa4                _exit
 *(.gnu.warning.*)
 *(.fini)
                0x0080cab4                PROVIDE (__etext, <code 336> (.))
                0x0080cab4                PROVIDE (_etext, <code 336> (.))
                0x0080cab4                PROVIDE (etext, <code 336> (.))
 *(.eh_frame_hdr)
                0x0080cab4                . = ALIGN (0x4)
                0x0080cab4                PROVIDE (__preinit_array_start, <code 336> (.))
 *(.preinit_array)
                0x0080cab4                PROVIDE (__preinit_array_end, <code 336> (.))
                0x0080cab4                PROVIDE (__init_array_start, <code 336> (.))
 *(.init_array)
                0x0080cab4                PROVIDE (__init_array_end, <code 336> (.))
                0x0080cab4                PROVIDE (__fini_array_start, <code 336> (.))
 *(.fini_array)
                0x0080cab4                PROVIDE (__fini_array_end, <code 336> (.))
 *(.eh_frame)
 *(.gcc_except_table)
 *(.dynamic)
                0x0080cab4                PROVIDE (__CTOR_LIST__, <code 336> (.))
 *(.ctors)
 *(SORT(.ctors.*))
                0x0080cab4                PROVIDE (__CTOR_END__, <code 336> (.))
                0x0080cab4                PROVIDE (__DTOR_LIST__, <code 336> (.))
 *(.dtors)
 *(SORT(.dtors.*))
                0x0080cab4                PROVIDE (__DTOR_END__, <code 336> (.))
 *(.jcr)
                0x0080cab4                . = ALIGN (0x4)

.rodata         0x0080cab4      0x718 load address 0x0080cab4
                0x0080cab4                PROVIDE (__ram_rodata_start, <code 336> (.))
                0x0080cab4                . = ALIGN (0x4)
 *(.rodata .rodata.* .gnu.linkonce.r.*)
 .rodata.str1.4
                0x0080cab4       0xbc obj//cygdrive/f/hw8a/led_count.o
 .rodata        0x0080cb70      0x184 /cygdrive/c/altera/91/nios2eds/bin/nios2-gnutools/H-i686-pc-cygwin/bin/../lib/gcc/nios2-elf/3.4.6/../../../../nios2-elf/lib/libc.a(vfprintf1.o)
 .rodata.str1.4
                0x0080ccf4       0x5b /cygdrive/c/altera/91/nios2eds/bin/nios2-gnutools/H-i686-pc-cygwin/bin/../lib/gcc/nios2-elf/3.4.6/../../../../nios2-elf/lib/libc.a(vfprintf1.o)
                                 0x5c (size before relaxing)
 *fill*         0x0080cd4f        0x1 00
 .rodata.str1.4
                0x0080cd50       0x1e /cygdrive/c/altera/91/nios2eds/bin/nios2-gnutools/H-i686-pc-cygwin/bin/../lib/gcc/nios2-elf/3.4.6/../../../../nios2-elf/lib/libc.a(wctomb_r.o)
                                 0x20 (size before relaxing)
 *fill*         0x0080cd6e        0x2 00
 .rodata.str1.4
                0x0080cd70        0x9 /cygdrive/c/altera/91/nios2eds/bin/nios2-gnutools/H-i686-pc-cygwin/bin/../lib/gcc/nios2-elf/3.4.6/../../../../nios2-elf/lib/libc.a(dtoa.o)
                                 0x14 (size before relaxing)
 *fill*         0x0080cd79        0x3 00
 .rodata        0x0080cd7c       0x18 /cygdrive/c/altera/91/nios2eds/bin/nios2-gnutools/H-i686-pc-cygwin/bin/../lib/gcc/nios2-elf/3.4.6/../../../../nios2-elf/lib/libc.a(dtoa.o)
 .rodata.str1.4
                0x0080cd94        0x2 /cygdrive/c/altera/91/nios2eds/bin/nios2-gnutools/H-i686-pc-cygwin/bin/../lib/gcc/nios2-elf/3.4.6/../../../../nios2-elf/lib/libc.a(impure.o)
                                  0x4 (size before relaxing)
 *fill*         0x0080cd96        0x2 00
 .rodata.str1.4
                0x0080cd98        0xb /cygdrive/c/altera/91/nios2eds/bin/nios2-gnutools/H-i686-pc-cygwin/bin/../lib/gcc/nios2-elf/3.4.6/../../../../nios2-elf/lib/libc.a(locale.o)
                                 0x18 (size before relaxing)
 *fill*         0x0080cda3        0x1 00
 .rodata        0x0080cda4       0x30 /cygdrive/c/altera/91/nios2eds/bin/nios2-gnutools/H-i686-pc-cygwin/bin/../lib/gcc/nios2-elf/3.4.6/../../../../nios2-elf/lib/libc.a(locale.o)
 .rodata        0x0080cdd4      0x124 /cygdrive/c/altera/91/nios2eds/bin/nios2-gnutools/H-i686-pc-cygwin/bin/../lib/gcc/nios2-elf/3.4.6/../../../../nios2-elf/lib/libc.a(mprec.o)
                0x0080cdd4                __mprec_tinytens
                0x0080ce24                __mprec_tens
                0x0080cdfc                __mprec_bigtens
 .rodata        0x0080cef8       0x14 /cygdrive/c/altera/91/nios2eds/bin/nios2-gnutools/H-i686-pc-cygwin/bin/../lib/gcc/nios2-elf/3.4.6/libgcc.a(_thenan_df.o)
                0x0080cef8                __thenan_df
 .rodata        0x0080cf0c      0x100 /cygdrive/c/altera/91/nios2eds/bin/nios2-gnutools/H-i686-pc-cygwin/bin/../lib/gcc/nios2-elf/3.4.6/libgcc.a(_clz.o)
                0x0080cf0c                __clz_tab
 .rodata.str1.4
                0x0080d00c        0xa BSP/libhal_bsp.a(alt_dev.o)
                                  0xc (size before relaxing)
 *fill*         0x0080d016        0x2 00
 .rodata.str1.4
                0x0080d018        0xf BSP/libhal_bsp.a(alt_main.o)
                                 0x10 (size before relaxing)
 *fill*         0x0080d027        0x1 00
 .rodata.str1.4
                0x0080d028       0x22 BSP/libhal_bsp.a(alt_sys_init.o)
                                 0x34 (size before relaxing)
 .rodata        0x0080d04a      0x180 /cygdrive/c/altera/91/nios2eds/bin/nios2-gnutools/H-i686-pc-cygwin/bin/../lib/gcc/nios2-elf/3.4.6/../../../../nios2-elf/lib/libc.a(ctype_.o)
                0x0080d0c9                _ctype_
 *(.rodata1)
                0x0080d1cc                . = ALIGN (0x4)
 *fill*         0x0080d1ca        0x2 00
                0x0080d1cc                PROVIDE (__ram_rodata_end, <code 336> (.))
                0x0080cab4                PROVIDE (__flash_rodata_start, LOADADDR (.rodata))

.rwdata         0x0080d1cc     0x1cf8 load address 0x0080d1cc
                0x0080d1cc                PROVIDE (__ram_rwdata_start, <code 336> (.))
                0x0080d1cc                . = ALIGN (0x4)
 *(.got.plt)
 *(.got)
 *(.data1)
 *(.data .data.* .gnu.linkonce.d.*)
 .data          0x0080d1cc      0x37c /cygdrive/c/altera/91/nios2eds/bin/nios2-gnutools/H-i686-pc-cygwin/bin/../lib/gcc/nios2-elf/3.4.6/../../../../nios2-elf/lib/libc.a(impure.o)
 .data          0x0080d548        0xc /cygdrive/c/altera/91/nios2eds/bin/nios2-gnutools/H-i686-pc-cygwin/bin/../lib/gcc/nios2-elf/3.4.6/../../../../nios2-elf/lib/libc.a(locale.o)
                0x0080d548                __lc_ctype
 .data          0x0080d554      0x430 /cygdrive/c/altera/91/nios2eds/bin/nios2-gnutools/H-i686-pc-cygwin/bin/../lib/gcc/nios2-elf/3.4.6/../../../../nios2-elf/lib/libc.a(mallocr.o)
                0x0080d554                __malloc_current_mallinfo
                0x0080d57c                __malloc_av_
 .data          0x0080d984      0x1a8 BSP/libhal_bsp.a(alt_dev.o)
                0x0080d9ac                alt_fd_list
                0x0080d984                alt_dev_null
 .data          0x0080db2c     0x131c BSP/libhal_bsp.a(alt_sys_init.o)
                0x00816e48                _gp = <code 336> ((. + 0x8000))
                0x00816e48                PROVIDE (gp, _gp)
 *(.sdata .sdata.* .gnu.linkonce.s.*)
 .sdata         0x0080ee48        0x4 /cygdrive/c/altera/91/nios2eds/bin/nios2-gnutools/H-i686-pc-cygwin/bin/../lib/gcc/nios2-elf/3.4.6/../../../../nios2-elf/lib/libc.a(impure.o)
                0x0080ee48                _impure_ptr
 .sdata         0x0080ee4c       0x14 /cygdrive/c/altera/91/nios2eds/bin/nios2-gnutools/H-i686-pc-cygwin/bin/../lib/gcc/nios2-elf/3.4.6/../../../../nios2-elf/lib/libc.a(locale.o)
                0x0080ee58                __mb_cur_max
                0x0080ee54                __nlocale_changed
                0x0080ee50                __mlocale_changed
                0x0080ee4c                _PathLocale
 .sdata         0x0080ee60       0x14 /cygdrive/c/altera/91/nios2eds/bin/nios2-gnutools/H-i686-pc-cygwin/bin/../lib/gcc/nios2-elf/3.4.6/../../../../nios2-elf/lib/libc.a(mallocr.o)
                0x0080ee6c                __malloc_top_pad
                0x0080ee64                __malloc_max_sbrked_mem
                0x0080ee68                __malloc_sbrk_base
                0x0080ee60                __malloc_max_total_mem
                0x0080ee70                __malloc_trim_threshold
 .sdata         0x0080ee74       0x14 BSP/libhal_bsp.a(alt_dev.o)
                0x0080ee84                alt_max_fd
                0x0080ee7c                alt_dev_list
                0x0080ee74                alt_fs_list
 .sdata         0x0080ee88        0x4 BSP/libhal_bsp.a(alt_errno.o)
                0x0080ee88                alt_errno
 .sdata         0x0080ee8c        0xc BSP/libhal_bsp.a(alt_main.o)
                0x0080ee90                alt_argv
                0x0080ee94                alt_envp
                0x0080ee8c                alt_argc
 .sdata         0x0080ee98        0x4 BSP/libhal_bsp.a(alt_sbrk.o)
 .sdata         0x0080ee9c       0x10 BSP/libhal_bsp.a(alt_tick.o)
                0x0080ee9c                _alt_tick_rate
                0x0080eea0                _alt_nticks
                0x0080eea4                alt_alarm_list
 .sdata         0x0080eeac        0x4 BSP/libhal_bsp.a(altera_avalon_lcd_16207.o)
 .sdata         0x0080eeb0        0x8 BSP/libhal_bsp.a(alt_flash_dev.o)
                0x0080eeb0                alt_flash_dev_list
 .sdata         0x0080eeb8        0x8 BSP/libhal_bsp.a(alt_irq_vars.o)
                0x0080eeb8                alt_irq_active
                0x0080eebc                alt_priority_mask
 .sdata         0x0080eec0        0x4 /cygdrive/c/altera/91/nios2eds/bin/nios2-gnutools/H-i686-pc-cygwin/bin/../lib/gcc/nios2-elf/3.4.6/../../../../nios2-elf/lib/libc.a(ctype_.o)
                0x0080eec0                __ctype_ptr
 *(.sdata2 .sdata2.* .gnu.linkonce.s2.*)
                0x0080eec4                . = ALIGN (0x4)
                0x0080eec4                _edata = <code 336> (.)
                0x0080eec4                PROVIDE (edata, <code 336> (.))
                0x0080eec4                PROVIDE (__ram_rwdata_end, <code 336> (.))
                0x0080d1cc                PROVIDE (__flash_rwdata_start, LOADADDR (.rwdata))

.bss            0x0080eec4      0x104 load address 0x0080eec4
                0x0080eec4                __bss_start = <code 336> (.)
                0x0080eec4                PROVIDE (__sbss_start, <code 336> (.))
                0x0080eec4                PROVIDE (___sbss_start, <code 336> (.))
 *(.dynsbss)
 *(.sbss .sbss.* .gnu.linkonce.sb.*)
 .sbss          0x0080eec4        0x4 /cygdrive/c/altera/91/nios2eds/bin/nios2-gnutools/H-i686-pc-cygwin/bin/../lib/gcc/nios2-elf/3.4.6/../../../../nios2-elf/lib/libc.a(int_errno.o)
                0x0080eec4                errno
 *(.sbss2 .sbss2.* .gnu.linkonce.sb2.*)
 *(.scommon)
                0x0080eec8                PROVIDE (__sbss_end, <code 336> (.))
                0x0080eec8                PROVIDE (___sbss_end, <code 336> (.))
 *(.dynbss)
 *(.bss .bss.* .gnu.linkonce.b.*)
 *(COMMON)
 COMMON         0x0080eec8      0x100 BSP/libhal_bsp.a(alt_irq_handler.o)
                                  0x0 (size before relaxing)
                0x0080eec8                alt_irq
                0x0080efc8                . = ALIGN (0x4)
                0x0080efc8                __bss_end = <code 336> (.)

.sdram          0x0080efc8        0x0 load address 0x0080efc8
                0x0080efc8                PROVIDE (_alt_partition_sdram_start, <code 336> (.))
 *(.sdram. sdram.*)
                0x0080efc8                . = ALIGN (0x4)
                0x0080efc8                PROVIDE (_alt_partition_sdram_end, <code 336> (.))
                0x0080efc8                _end = <code 336> (.)
                0x0080efc8                end = <code 336> (.)
                0x0080efc8                __alt_stack_base = <code 336> (.)
                0x0080efc8                PROVIDE (_alt_partition_sdram_load_addr, LOADADDR (.sdram))

.flash          0x01400000        0x0 load address 0x0080efc8
                0x01400000                PROVIDE (_alt_partition_flash_start, <code 336> (.))
 *(.flash. flash.*)
                0x01400000                . = ALIGN (0x4)
                0x01400000                PROVIDE (_alt_partition_flash_end, <code 336> (.))
                0x0080efc8                PROVIDE (_alt_partition_flash_load_addr, LOADADDR (.flash))

.sram           0x01880158        0x0 load address 0x0080efc8
                0x01880158                PROVIDE (_alt_partition_sram_start, <code 336> (.))
 *(.sram. sram.*)
                0x01880158                . = ALIGN (0x4)
                0x01880158                PROVIDE (_alt_partition_sram_end, <code 336> (.))
                0x0080efc8                PROVIDE (_alt_partition_sram_load_addr, LOADADDR (.sram))

.stab
 *(.stab)

.stabstr
 *(.stabstr)

.stab.excl
 *(.stab.excl)

.stab.exclstr
 *(.stab.exclstr)

.stab.index
 *(.stab.index)

.stab.indexstr
 *(.stab.indexstr)

.comment        0x00000000     0x1398
 *(.comment)
 .comment       0x00000000       0x2c obj//cygdrive/f/hw8a/led_count.o
 .comment       0x0000002c       0x2c /cygdrive/c/altera/91/nios2eds/bin/nios2-gnutools/H-i686-pc-cygwin/bin/../lib/gcc/nios2-elf/3.4.6/libgcc.a(lib2-divmod.o)
 .comment       0x00000058       0x2c /cygdrive/c/altera/91/nios2eds/bin/nios2-gnutools/H-i686-pc-cygwin/bin/../lib/gcc/nios2-elf/3.4.6/../../../../nios2-elf/lib/libc.a(printf.o)
 .comment       0x00000084       0x2c /cygdrive/c/altera/91/nios2eds/bin/nios2-gnutools/H-i686-pc-cygwin/bin/../lib/gcc/nios2-elf/3.4.6/../../../../nios2-elf/lib/libc.a(puts.o)
 .comment       0x000000b0       0x2c /cygdrive/c/altera/91/nios2eds/bin/nios2-gnutools/H-i686-pc-cygwin/bin/../lib/gcc/nios2-elf/3.4.6/../../../../nios2-elf/lib/libc.a(strlen.o)
 .comment       0x000000dc       0x2c /cygdrive/c/altera/91/nios2eds/bin/nios2-gnutools/H-i686-pc-cygwin/bin/../lib/gcc/nios2-elf/3.4.6/../../../../nios2-elf/lib/libc.a(vfprintf1.o)
 .comment       0x00000108       0x2c /cygdrive/c/altera/91/nios2eds/bin/nios2-gnutools/H-i686-pc-cygwin/bin/../lib/gcc/nios2-elf/3.4.6/../../../../nios2-elf/lib/libc.a(wcrtomb.o)
 .comment       0x00000134       0x2c /cygdrive/c/altera/91/nios2eds/bin/nios2-gnutools/H-i686-pc-cygwin/bin/../lib/gcc/nios2-elf/3.4.6/../../../../nios2-elf/lib/libc.a(wcsrtombs.o)
 .comment       0x00000160       0x2c /cygdrive/c/altera/91/nios2eds/bin/nios2-gnutools/H-i686-pc-cygwin/bin/../lib/gcc/nios2-elf/3.4.6/../../../../nios2-elf/lib/libc.a(wctomb_r.o)
 .comment       0x0000018c       0x2c /cygdrive/c/altera/91/nios2eds/bin/nios2-gnutools/H-i686-pc-cygwin/bin/../lib/gcc/nios2-elf/3.4.6/../../../../nios2-elf/lib/libc.a(wsetup.o)
 .comment       0x000001b8       0x2c /cygdrive/c/altera/91/nios2eds/bin/nios2-gnutools/H-i686-pc-cygwin/bin/../lib/gcc/nios2-elf/3.4.6/../../../../nios2-elf/lib/libc.a(dtoa.o)
 .comment       0x000001e4       0x2c /cygdrive/c/altera/91/nios2eds/bin/nios2-gnutools/H-i686-pc-cygwin/bin/../lib/gcc/nios2-elf/3.4.6/../../../../nios2-elf/lib/libc.a(fflush.o)
 .comment       0x00000210       0x2c /cygdrive/c/altera/91/nios2eds/bin/nios2-gnutools/H-i686-pc-cygwin/bin/../lib/gcc/nios2-elf/3.4.6/../../../../nios2-elf/lib/libc.a(findfp.o)
 .comment       0x0000023c       0x2c /cygdrive/c/altera/91/nios2eds/bin/nios2-gnutools/H-i686-pc-cygwin/bin/../lib/gcc/nios2-elf/3.4.6/../../../../nios2-elf/lib/libc.a(freer.o)
 .comment       0x00000268       0x2c /cygdrive/c/altera/91/nios2eds/bin/nios2-gnutools/H-i686-pc-cygwin/bin/../lib/gcc/nios2-elf/3.4.6/../../../../nios2-elf/lib/libc.a(fvwrite.o)
 .comment       0x00000294       0x2c /cygdrive/c/altera/91/nios2eds/bin/nios2-gnutools/H-i686-pc-cygwin/bin/../lib/gcc/nios2-elf/3.4.6/../../../../nios2-elf/lib/libc.a(fwalk.o)
 .comment       0x000002c0       0x2c /cygdrive/c/altera/91/nios2eds/bin/nios2-gnutools/H-i686-pc-cygwin/bin/../lib/gcc/nios2-elf/3.4.6/../../../../nios2-elf/lib/libc.a(impure.o)
 .comment       0x000002ec       0x2c /cygdrive/c/altera/91/nios2eds/bin/nios2-gnutools/H-i686-pc-cygwin/bin/../lib/gcc/nios2-elf/3.4.6/../../../../nios2-elf/lib/libc.a(locale.o)
 .comment       0x00000318       0x2c /cygdrive/c/altera/91/nios2eds/bin/nios2-gnutools/H-i686-pc-cygwin/bin/../lib/gcc/nios2-elf/3.4.6/../../../../nios2-elf/lib/libc.a(makebuf.o)
 .comment       0x00000344       0x2c /cygdrive/c/altera/91/nios2eds/bin/nios2-gnutools/H-i686-pc-cygwin/bin/../lib/gcc/nios2-elf/3.4.6/../../../../nios2-elf/lib/libc.a(malloc.o)
 .comment       0x00000370       0x2c /cygdrive/c/altera/91/nios2eds/bin/nios2-gnutools/H-i686-pc-cygwin/bin/../lib/gcc/nios2-elf/3.4.6/../../../../nios2-elf/lib/libc.a(mallocr.o)
 .comment       0x0000039c       0x2c /cygdrive/c/altera/91/nios2eds/bin/nios2-gnutools/H-i686-pc-cygwin/bin/../lib/gcc/nios2-elf/3.4.6/../../../../nios2-elf/lib/libc.a(memchr.o)
 .comment       0x000003c8       0x2c /cygdrive/c/altera/91/nios2eds/bin/nios2-gnutools/H-i686-pc-cygwin/bin/../lib/gcc/nios2-elf/3.4.6/../../../../nios2-elf/lib/libc.a(memcpy.o)
 .comment       0x000003f4       0x2c /cygdrive/c/altera/91/nios2eds/bin/nios2-gnutools/H-i686-pc-cygwin/bin/../lib/gcc/nios2-elf/3.4.6/../../../../nios2-elf/lib/libc.a(memmove.o)
 .comment       0x00000420       0x2c /cygdrive/c/altera/91/nios2eds/bin/nios2-gnutools/H-i686-pc-cygwin/bin/../lib/gcc/nios2-elf/3.4.6/../../../../nios2-elf/lib/libc.a(memset.o)
 .comment       0x0000044c       0x2c /cygdrive/c/altera/91/nios2eds/bin/nios2-gnutools/H-i686-pc-cygwin/bin/../lib/gcc/nios2-elf/3.4.6/../../../../nios2-elf/lib/libc.a(mprec.o)
 .comment       0x00000478       0x2c /cygdrive/c/altera/91/nios2eds/bin/nios2-gnutools/H-i686-pc-cygwin/bin/../lib/gcc/nios2-elf/3.4.6/../../../../nios2-elf/lib/libc.a(reallocr.o)
 .comment       0x000004a4       0x2c /cygdrive/c/altera/91/nios2eds/bin/nios2-gnutools/H-i686-pc-cygwin/bin/../lib/gcc/nios2-elf/3.4.6/../../../../nios2-elf/lib/libc.a(s_isinf.o)
 .comment       0x000004d0       0x2c /cygdrive/c/altera/91/nios2eds/bin/nios2-gnutools/H-i686-pc-cygwin/bin/../lib/gcc/nios2-elf/3.4.6/../../../../nios2-elf/lib/libc.a(s_isnan.o)
 .comment       0x000004fc       0x2c /cygdrive/c/altera/91/nios2eds/bin/nios2-gnutools/H-i686-pc-cygwin/bin/../lib/gcc/nios2-elf/3.4.6/../../../../nios2-elf/lib/libc.a(sbrkr.o)
 .comment       0x00000528       0x2c /cygdrive/c/altera/91/nios2eds/bin/nios2-gnutools/H-i686-pc-cygwin/bin/../lib/gcc/nios2-elf/3.4.6/../../../../nios2-elf/lib/libc.a(stdio.o)
 .comment       0x00000554       0x2c /cygdrive/c/altera/91/nios2eds/bin/nios2-gnutools/H-i686-pc-cygwin/bin/../lib/gcc/nios2-elf/3.4.6/../../../../nios2-elf/lib/libc.a(strcmp.o)
 .comment       0x00000580       0x2c /cygdrive/c/altera/91/nios2eds/bin/nios2-gnutools/H-i686-pc-cygwin/bin/../lib/gcc/nios2-elf/3.4.6/../../../../nios2-elf/lib/libc.a(writer.o)
 .comment       0x000005ac       0x2c /cygdrive/c/altera/91/nios2eds/bin/nios2-gnutools/H-i686-pc-cygwin/bin/../lib/gcc/nios2-elf/3.4.6/../../../../nios2-elf/lib/libc.a(callocr.o)
 .comment       0x000005d8       0x2c /cygdrive/c/altera/91/nios2eds/bin/nios2-gnutools/H-i686-pc-cygwin/bin/../lib/gcc/nios2-elf/3.4.6/../../../../nios2-elf/lib/libc.a(closer.o)
 .comment       0x00000604       0x2c /cygdrive/c/altera/91/nios2eds/bin/nios2-gnutools/H-i686-pc-cygwin/bin/../lib/gcc/nios2-elf/3.4.6/../../../../nios2-elf/lib/libc.a(fstatr.o)
 .comment       0x00000630       0x2c /cygdrive/c/altera/91/nios2eds/bin/nios2-gnutools/H-i686-pc-cygwin/bin/../lib/gcc/nios2-elf/3.4.6/../../../../nios2-elf/lib/libc.a(int_errno.o)
 .comment       0x0000065c       0x2c /cygdrive/c/altera/91/nios2eds/bin/nios2-gnutools/H-i686-pc-cygwin/bin/../lib/gcc/nios2-elf/3.4.6/../../../../nios2-elf/lib/libc.a(lseekr.o)
 .comment       0x00000688       0x2c /cygdrive/c/altera/91/nios2eds/bin/nios2-gnutools/H-i686-pc-cygwin/bin/../lib/gcc/nios2-elf/3.4.6/../../../../nios2-elf/lib/libc.a(readr.o)
 .comment       0x000006b4       0x2c /cygdrive/c/altera/91/nios2eds/bin/nios2-gnutools/H-i686-pc-cygwin/bin/../lib/gcc/nios2-elf/3.4.6/libgcc.a(_negdi2.o)
 .comment       0x000006e0       0x2c /cygdrive/c/altera/91/nios2eds/bin/nios2-gnutools/H-i686-pc-cygwin/bin/../lib/gcc/nios2-elf/3.4.6/libgcc.a(_udivdi3.o)
 .comment       0x0000070c       0x2c /cygdrive/c/altera/91/nios2eds/bin/nios2-gnutools/H-i686-pc-cygwin/bin/../lib/gcc/nios2-elf/3.4.6/libgcc.a(_umoddi3.o)
 .comment       0x00000738       0x2c /cygdrive/c/altera/91/nios2eds/bin/nios2-gnutools/H-i686-pc-cygwin/bin/../lib/gcc/nios2-elf/3.4.6/libgcc.a(_addsub_df.o)
 .comment       0x00000764       0x2c /cygdrive/c/altera/91/nios2eds/bin/nios2-gnutools/H-i686-pc-cygwin/bin/../lib/gcc/nios2-elf/3.4.6/libgcc.a(_mul_df.o)
 .comment       0x00000790       0x2c /cygdrive/c/altera/91/nios2eds/bin/nios2-gnutools/H-i686-pc-cygwin/bin/../lib/gcc/nios2-elf/3.4.6/libgcc.a(_div_df.o)
 .comment       0x000007bc       0x2c /cygdrive/c/altera/91/nios2eds/bin/nios2-gnutools/H-i686-pc-cygwin/bin/../lib/gcc/nios2-elf/3.4.6/libgcc.a(_eq_df.o)
 .comment       0x000007e8       0x2c /cygdrive/c/altera/91/nios2eds/bin/nios2-gnutools/H-i686-pc-cygwin/bin/../lib/gcc/nios2-elf/3.4.6/libgcc.a(_ne_df.o)
 .comment       0x00000814       0x2c /cygdrive/c/altera/91/nios2eds/bin/nios2-gnutools/H-i686-pc-cygwin/bin/../lib/gcc/nios2-elf/3.4.6/libgcc.a(_gt_df.o)
 .comment       0x00000840       0x2c /cygdrive/c/altera/91/nios2eds/bin/nios2-gnutools/H-i686-pc-cygwin/bin/../lib/gcc/nios2-elf/3.4.6/libgcc.a(_ge_df.o)
 .comment       0x0000086c       0x2c /cygdrive/c/altera/91/nios2eds/bin/nios2-gnutools/H-i686-pc-cygwin/bin/../lib/gcc/nios2-elf/3.4.6/libgcc.a(_lt_df.o)
 .comment       0x00000898       0x2c /cygdrive/c/altera/91/nios2eds/bin/nios2-gnutools/H-i686-pc-cygwin/bin/../lib/gcc/nios2-elf/3.4.6/libgcc.a(_si_to_df.o)
 .comment       0x000008c4       0x2c /cygdrive/c/altera/91/nios2eds/bin/nios2-gnutools/H-i686-pc-cygwin/bin/../lib/gcc/nios2-elf/3.4.6/libgcc.a(_df_to_si.o)
 .comment       0x000008f0       0x2c /cygdrive/c/altera/91/nios2eds/bin/nios2-gnutools/H-i686-pc-cygwin/bin/../lib/gcc/nios2-elf/3.4.6/libgcc.a(_thenan_df.o)
 .comment       0x0000091c       0x2c /cygdrive/c/altera/91/nios2eds/bin/nios2-gnutools/H-i686-pc-cygwin/bin/../lib/gcc/nios2-elf/3.4.6/libgcc.a(_muldi3.o)
 .comment       0x00000948       0x2c /cygdrive/c/altera/91/nios2eds/bin/nios2-gnutools/H-i686-pc-cygwin/bin/../lib/gcc/nios2-elf/3.4.6/libgcc.a(_lshrdi3.o)
 .comment       0x00000974       0x2c /cygdrive/c/altera/91/nios2eds/bin/nios2-gnutools/H-i686-pc-cygwin/bin/../lib/gcc/nios2-elf/3.4.6/libgcc.a(_clz.o)
 .comment       0x000009a0       0x2c /cygdrive/c/altera/91/nios2eds/bin/nios2-gnutools/H-i686-pc-cygwin/bin/../lib/gcc/nios2-elf/3.4.6/libgcc.a(_pack_df.o)
 .comment       0x000009cc       0x2c /cygdrive/c/altera/91/nios2eds/bin/nios2-gnutools/H-i686-pc-cygwin/bin/../lib/gcc/nios2-elf/3.4.6/libgcc.a(_unpack_df.o)
 .comment       0x000009f8       0x2c /cygdrive/c/altera/91/nios2eds/bin/nios2-gnutools/H-i686-pc-cygwin/bin/../lib/gcc/nios2-elf/3.4.6/libgcc.a(_fpcmp_parts_df.o)
 .comment       0x00000a24       0x2c /cygdrive/c/altera/91/nios2eds/bin/nios2-gnutools/H-i686-pc-cygwin/bin/../lib/gcc/nios2-elf/3.4.6/libgcc.a(_ashldi3.o)
 .comment       0x00000a50       0x2c BSP/libhal_bsp.a(alt_close.o)
 .comment       0x00000a7c       0x2c BSP/libhal_bsp.a(alt_dev.o)
 .comment       0x00000aa8       0x2c BSP/libhal_bsp.a(alt_errno.o)
 .comment       0x00000ad4       0x2c BSP/libhal_bsp.a(alt_fstat.o)
 .comment       0x00000b00       0x2c BSP/libhal_bsp.a(alt_isatty.o)
 .comment       0x00000b2c       0x2c BSP/libhal_bsp.a(alt_load.o)
 .comment       0x00000b58       0x2c BSP/libhal_bsp.a(alt_lseek.o)
 .comment       0x00000b84       0x2c BSP/libhal_bsp.a(alt_main.o)
 .comment       0x00000bb0       0x2c BSP/libhal_bsp.a(alt_malloc_lock.o)
 .comment       0x00000bdc       0x2c BSP/libhal_bsp.a(alt_read.o)
 .comment       0x00000c08       0x2c BSP/libhal_bsp.a(alt_release_fd.o)
 .comment       0x00000c34       0x2c BSP/libhal_bsp.a(alt_sbrk.o)
 .comment       0x00000c60       0x2c BSP/libhal_bsp.a(alt_tick.o)
 .comment       0x00000c8c       0x2c BSP/libhal_bsp.a(alt_write.o)
 .comment       0x00000cb8       0x2c BSP/libhal_bsp.a(alt_sys_init.o)
 .comment       0x00000ce4       0x2c BSP/libhal_bsp.a(altera_avalon_cfi_flash.o)
 .comment       0x00000d10       0x2c BSP/libhal_bsp.a(altera_avalon_cfi_flash_table.o)
 .comment       0x00000d3c       0x2c BSP/libhal_bsp.a(altera_avalon_jtag_uart_fd.o)
 .comment       0x00000d68       0x2c BSP/libhal_bsp.a(altera_avalon_jtag_uart_init.o)
 .comment       0x00000d94       0x2c BSP/libhal_bsp.a(altera_avalon_jtag_uart_ioctl.o)
 .comment       0x00000dc0       0x2c BSP/libhal_bsp.a(altera_avalon_jtag_uart_read.o)
 .comment       0x00000dec       0x2c BSP/libhal_bsp.a(altera_avalon_jtag_uart_write.o)
 .comment       0x00000e18       0x2c BSP/libhal_bsp.a(altera_avalon_lcd_16207.o)
 .comment       0x00000e44       0x2c BSP/libhal_bsp.a(altera_avalon_lcd_16207_fd.o)
 .comment       0x00000e70       0x2c BSP/libhal_bsp.a(altera_avalon_timer_sc.o)
 .comment       0x00000e9c       0x2c BSP/libhal_bsp.a(altera_avalon_uart_fd.o)
 .comment       0x00000ec8       0x2c BSP/libhal_bsp.a(altera_avalon_uart_init.o)
 .comment       0x00000ef4       0x2c BSP/libhal_bsp.a(altera_avalon_uart_read.o)
 .comment       0x00000f20       0x2c BSP/libhal_bsp.a(altera_avalon_uart_write.o)
 .comment       0x00000f4c       0x2c BSP/libhal_bsp.a(alt_alarm_start.o)
 .comment       0x00000f78       0x2c BSP/libhal_bsp.a(alt_dcache_flush.o)
 .comment       0x00000fa4       0x2c BSP/libhal_bsp.a(alt_dcache_flush_all.o)
 .comment       0x00000fd0       0x2c BSP/libhal_bsp.a(alt_dev_llist_insert.o)
 .comment       0x00000ffc       0x2c BSP/libhal_bsp.a(alt_flash_dev.o)
 .comment       0x00001028       0x2c BSP/libhal_bsp.a(alt_icache_flush_all.o)
 .comment       0x00001054       0x2c BSP/libhal_bsp.a(alt_iic.o)
 .comment       0x00001080       0x2c BSP/libhal_bsp.a(alt_io_redirect.o)
 .comment       0x000010ac       0x2c BSP/libhal_bsp.a(alt_irq_register.o)
 .comment       0x000010d8       0x2c BSP/libhal_bsp.a(alt_irq_vars.o)
 .comment       0x00001104       0x2c BSP/libhal_bsp.a(alt_open.o)
 .comment       0x00001130       0x2c BSP/libhal_bsp.a(alt_usleep.o)
 .comment       0x0000115c       0x2c BSP/libhal_bsp.a(altera_nios2_irq.o)
 .comment       0x00001188       0x2c BSP/libhal_bsp.a(altera_avalon_cfi_flash_amd.o)
 .comment       0x000011b4       0x2c BSP/libhal_bsp.a(altera_avalon_cfi_flash_intel.o)
 .comment       0x000011e0       0x2c BSP/libhal_bsp.a(alt_busy_sleep.o)
 .comment       0x0000120c       0x2c BSP/libhal_bsp.a(alt_find_dev.o)
 .comment       0x00001238       0x2c BSP/libhal_bsp.a(alt_find_file.o)
 .comment       0x00001264       0x2c BSP/libhal_bsp.a(alt_get_fd.o)
 .comment       0x00001290       0x2c BSP/libhal_bsp.a(alt_icache_flush.o)
 .comment       0x000012bc       0x2c BSP/libhal_bsp.a(alt_irq_handler.o)
 .comment       0x000012e8       0x2c /cygdrive/c/altera/91/nios2eds/bin/nios2-gnutools/H-i686-pc-cygwin/bin/../lib/gcc/nios2-elf/3.4.6/../../../../nios2-elf/lib/libc.a(ctype_.o)
 .comment       0x00001314       0x2c /cygdrive/c/altera/91/nios2eds/bin/nios2-gnutools/H-i686-pc-cygwin/bin/../lib/gcc/nios2-elf/3.4.6/../../../../nios2-elf/lib/libc.a(exit.o)
 .comment       0x00001340       0x2c /cygdrive/c/altera/91/nios2eds/bin/nios2-gnutools/H-i686-pc-cygwin/bin/../lib/gcc/nios2-elf/3.4.6/../../../../nios2-elf/lib/libc.a(memcmp.o)
 .comment       0x0000136c       0x2c BSP/libhal_bsp.a(alt_exit.o)

.debug
 *(.debug)

.line
 *(.line)

.debug_srcinfo
 *(.debug_srcinfo)

.debug_sfnames
 *(.debug_sfnames)

.debug_aranges  0x00000000      0xdf8
 *(.debug_aranges)
 .debug_aranges
                0x00000000       0x28 BSP/obj/HAL/src/crt0.o
 .debug_aranges
                0x00000028       0x20 obj//cygdrive/f/hw8a/led_count.o
 .debug_aranges
                0x00000048       0x20 /cygdrive/c/altera/91/nios2eds/bin/nios2-gnutools/H-i686-pc-cygwin/bin/../lib/gcc/nios2-elf/3.4.6/libgcc.a(lib2-divmod.o)
 .debug_aranges
                0x00000068       0x20 /cygdrive/c/altera/91/nios2eds/bin/nios2-gnutools/H-i686-pc-cygwin/bin/../lib/gcc/nios2-elf/3.4.6/../../../../nios2-elf/lib/libc.a(printf.o)
 .debug_aranges
                0x00000088       0x20 /cygdrive/c/altera/91/nios2eds/bin/nios2-gnutools/H-i686-pc-cygwin/bin/../lib/gcc/nios2-elf/3.4.6/../../../../nios2-elf/lib/libc.a(puts.o)
 .debug_aranges
                0x000000a8       0x20 /cygdrive/c/altera/91/nios2eds/bin/nios2-gnutools/H-i686-pc-cygwin/bin/../lib/gcc/nios2-elf/3.4.6/../../../../nios2-elf/lib/libc.a(strlen.o)
 .debug_aranges
                0x000000c8       0x20 /cygdrive/c/altera/91/nios2eds/bin/nios2-gnutools/H-i686-pc-cygwin/bin/../lib/gcc/nios2-elf/3.4.6/../../../../nios2-elf/lib/libc.a(vfprintf1.o)
 .debug_aranges
                0x000000e8       0x20 /cygdrive/c/altera/91/nios2eds/bin/nios2-gnutools/H-i686-pc-cygwin/bin/../lib/gcc/nios2-elf/3.4.6/../../../../nios2-elf/lib/libc.a(wcrtomb.o)
 .debug_aranges
                0x00000108       0x20 /cygdrive/c/altera/91/nios2eds/bin/nios2-gnutools/H-i686-pc-cygwin/bin/../lib/gcc/nios2-elf/3.4.6/../../../../nios2-elf/lib/libc.a(wcsrtombs.o)
 .debug_aranges
                0x00000128       0x20 /cygdrive/c/altera/91/nios2eds/bin/nios2-gnutools/H-i686-pc-cygwin/bin/../lib/gcc/nios2-elf/3.4.6/../../../../nios2-elf/lib/libc.a(wctomb_r.o)
 .debug_aranges
                0x00000148       0x20 /cygdrive/c/altera/91/nios2eds/bin/nios2-gnutools/H-i686-pc-cygwin/bin/../lib/gcc/nios2-elf/3.4.6/../../../../nios2-elf/lib/libc.a(wsetup.o)
 .debug_aranges
                0x00000168       0x20 /cygdrive/c/altera/91/nios2eds/bin/nios2-gnutools/H-i686-pc-cygwin/bin/../lib/gcc/nios2-elf/3.4.6/../../../../nios2-elf/lib/libc.a(dtoa.o)
 .debug_aranges
                0x00000188       0x20 /cygdrive/c/altera/91/nios2eds/bin/nios2-gnutools/H-i686-pc-cygwin/bin/../lib/gcc/nios2-elf/3.4.6/../../../../nios2-elf/lib/libc.a(fflush.o)
 .debug_aranges
                0x000001a8       0x20 /cygdrive/c/altera/91/nios2eds/bin/nios2-gnutools/H-i686-pc-cygwin/bin/../lib/gcc/nios2-elf/3.4.6/../../../../nios2-elf/lib/libc.a(findfp.o)
 .debug_aranges
                0x000001c8       0x20 /cygdrive/c/altera/91/nios2eds/bin/nios2-gnutools/H-i686-pc-cygwin/bin/../lib/gcc/nios2-elf/3.4.6/../../../../nios2-elf/lib/libc.a(freer.o)
 .debug_aranges
                0x000001e8       0x20 /cygdrive/c/altera/91/nios2eds/bin/nios2-gnutools/H-i686-pc-cygwin/bin/../lib/gcc/nios2-elf/3.4.6/../../../../nios2-elf/lib/libc.a(fvwrite.o)
 .debug_aranges
                0x00000208       0x20 /cygdrive/c/altera/91/nios2eds/bin/nios2-gnutools/H-i686-pc-cygwin/bin/../lib/gcc/nios2-elf/3.4.6/../../../../nios2-elf/lib/libc.a(fwalk.o)
 .debug_aranges
                0x00000228       0x20 /cygdrive/c/altera/91/nios2eds/bin/nios2-gnutools/H-i686-pc-cygwin/bin/../lib/gcc/nios2-elf/3.4.6/../../../../nios2-elf/lib/libc.a(locale.o)
 .debug_aranges
                0x00000248       0x20 /cygdrive/c/altera/91/nios2eds/bin/nios2-gnutools/H-i686-pc-cygwin/bin/../lib/gcc/nios2-elf/3.4.6/../../../../nios2-elf/lib/libc.a(makebuf.o)
 .debug_aranges
                0x00000268       0x20 /cygdrive/c/altera/91/nios2eds/bin/nios2-gnutools/H-i686-pc-cygwin/bin/../lib/gcc/nios2-elf/3.4.6/../../../../nios2-elf/lib/libc.a(malloc.o)
 .debug_aranges
                0x00000288       0x20 /cygdrive/c/altera/91/nios2eds/bin/nios2-gnutools/H-i686-pc-cygwin/bin/../lib/gcc/nios2-elf/3.4.6/../../../../nios2-elf/lib/libc.a(mallocr.o)
 .debug_aranges
                0x000002a8       0x20 /cygdrive/c/altera/91/nios2eds/bin/nios2-gnutools/H-i686-pc-cygwin/bin/../lib/gcc/nios2-elf/3.4.6/../../../../nios2-elf/lib/libc.a(memchr.o)
 .debug_aranges
                0x000002c8       0x20 /cygdrive/c/altera/91/nios2eds/bin/nios2-gnutools/H-i686-pc-cygwin/bin/../lib/gcc/nios2-elf/3.4.6/../../../../nios2-elf/lib/libc.a(memcpy.o)
 .debug_aranges
                0x000002e8       0x20 /cygdrive/c/altera/91/nios2eds/bin/nios2-gnutools/H-i686-pc-cygwin/bin/../lib/gcc/nios2-elf/3.4.6/../../../../nios2-elf/lib/libc.a(memmove.o)
 .debug_aranges
                0x00000308       0x20 /cygdrive/c/altera/91/nios2eds/bin/nios2-gnutools/H-i686-pc-cygwin/bin/../lib/gcc/nios2-elf/3.4.6/../../../../nios2-elf/lib/libc.a(memset.o)
 .debug_aranges
                0x00000328       0x20 /cygdrive/c/altera/91/nios2eds/bin/nios2-gnutools/H-i686-pc-cygwin/bin/../lib/gcc/nios2-elf/3.4.6/../../../../nios2-elf/lib/libc.a(mprec.o)
 .debug_aranges
                0x00000348       0x20 /cygdrive/c/altera/91/nios2eds/bin/nios2-gnutools/H-i686-pc-cygwin/bin/../lib/gcc/nios2-elf/3.4.6/../../../../nios2-elf/lib/libc.a(reallocr.o)
 .debug_aranges
                0x00000368       0x20 /cygdrive/c/altera/91/nios2eds/bin/nios2-gnutools/H-i686-pc-cygwin/bin/../lib/gcc/nios2-elf/3.4.6/../../../../nios2-elf/lib/libc.a(s_isinf.o)
 .debug_aranges
                0x00000388       0x20 /cygdrive/c/altera/91/nios2eds/bin/nios2-gnutools/H-i686-pc-cygwin/bin/../lib/gcc/nios2-elf/3.4.6/../../../../nios2-elf/lib/libc.a(s_isnan.o)
 .debug_aranges
                0x000003a8       0x20 /cygdrive/c/altera/91/nios2eds/bin/nios2-gnutools/H-i686-pc-cygwin/bin/../lib/gcc/nios2-elf/3.4.6/../../../../nios2-elf/lib/libc.a(sbrkr.o)
 .debug_aranges
                0x000003c8       0x20 /cygdrive/c/altera/91/nios2eds/bin/nios2-gnutools/H-i686-pc-cygwin/bin/../lib/gcc/nios2-elf/3.4.6/../../../../nios2-elf/lib/libc.a(stdio.o)
 .debug_aranges
                0x000003e8       0x20 /cygdrive/c/altera/91/nios2eds/bin/nios2-gnutools/H-i686-pc-cygwin/bin/../lib/gcc/nios2-elf/3.4.6/../../../../nios2-elf/lib/libc.a(strcmp.o)
 .debug_aranges
                0x00000408       0x20 /cygdrive/c/altera/91/nios2eds/bin/nios2-gnutools/H-i686-pc-cygwin/bin/../lib/gcc/nios2-elf/3.4.6/../../../../nios2-elf/lib/libc.a(writer.o)
 .debug_aranges
                0x00000428       0x20 /cygdrive/c/altera/91/nios2eds/bin/nios2-gnutools/H-i686-pc-cygwin/bin/../lib/gcc/nios2-elf/3.4.6/../../../../nios2-elf/lib/libc.a(callocr.o)
 .debug_aranges
                0x00000448       0x20 /cygdrive/c/altera/91/nios2eds/bin/nios2-gnutools/H-i686-pc-cygwin/bin/../lib/gcc/nios2-elf/3.4.6/../../../../nios2-elf/lib/libc.a(closer.o)
 .debug_aranges
                0x00000468       0x20 /cygdrive/c/altera/91/nios2eds/bin/nios2-gnutools/H-i686-pc-cygwin/bin/../lib/gcc/nios2-elf/3.4.6/../../../../nios2-elf/lib/libc.a(fstatr.o)
 .debug_aranges
                0x00000488       0x20 /cygdrive/c/altera/91/nios2eds/bin/nios2-gnutools/H-i686-pc-cygwin/bin/../lib/gcc/nios2-elf/3.4.6/../../../../nios2-elf/lib/libc.a(lseekr.o)
 .debug_aranges
                0x000004a8       0x20 /cygdrive/c/altera/91/nios2eds/bin/nios2-gnutools/H-i686-pc-cygwin/bin/../lib/gcc/nios2-elf/3.4.6/../../../../nios2-elf/lib/libc.a(readr.o)
 .debug_aranges
                0x000004c8       0x20 /cygdrive/c/altera/91/nios2eds/bin/nios2-gnutools/H-i686-pc-cygwin/bin/../lib/gcc/nios2-elf/3.4.6/libgcc.a(_negdi2.o)
 .debug_aranges
                0x000004e8       0x20 /cygdrive/c/altera/91/nios2eds/bin/nios2-gnutools/H-i686-pc-cygwin/bin/../lib/gcc/nios2-elf/3.4.6/libgcc.a(_udivdi3.o)
 .debug_aranges
                0x00000508       0x20 /cygdrive/c/altera/91/nios2eds/bin/nios2-gnutools/H-i686-pc-cygwin/bin/../lib/gcc/nios2-elf/3.4.6/libgcc.a(_umoddi3.o)
 .debug_aranges
                0x00000528       0x20 /cygdrive/c/altera/91/nios2eds/bin/nios2-gnutools/H-i686-pc-cygwin/bin/../lib/gcc/nios2-elf/3.4.6/libgcc.a(_addsub_df.o)
 .debug_aranges
                0x00000548       0x20 /cygdrive/c/altera/91/nios2eds/bin/nios2-gnutools/H-i686-pc-cygwin/bin/../lib/gcc/nios2-elf/3.4.6/libgcc.a(_mul_df.o)
 .debug_aranges
                0x00000568       0x20 /cygdrive/c/altera/91/nios2eds/bin/nios2-gnutools/H-i686-pc-cygwin/bin/../lib/gcc/nios2-elf/3.4.6/libgcc.a(_div_df.o)
 .debug_aranges
                0x00000588       0x20 /cygdrive/c/altera/91/nios2eds/bin/nios2-gnutools/H-i686-pc-cygwin/bin/../lib/gcc/nios2-elf/3.4.6/libgcc.a(_eq_df.o)
 .debug_aranges
                0x000005a8       0x20 /cygdrive/c/altera/91/nios2eds/bin/nios2-gnutools/H-i686-pc-cygwin/bin/../lib/gcc/nios2-elf/3.4.6/libgcc.a(_ne_df.o)
 .debug_aranges
                0x000005c8       0x20 /cygdrive/c/altera/91/nios2eds/bin/nios2-gnutools/H-i686-pc-cygwin/bin/../lib/gcc/nios2-elf/3.4.6/libgcc.a(_gt_df.o)
 .debug_aranges
                0x000005e8       0x20 /cygdrive/c/altera/91/nios2eds/bin/nios2-gnutools/H-i686-pc-cygwin/bin/../lib/gcc/nios2-elf/3.4.6/libgcc.a(_ge_df.o)
 .debug_aranges
                0x00000608       0x20 /cygdrive/c/altera/91/nios2eds/bin/nios2-gnutools/H-i686-pc-cygwin/bin/../lib/gcc/nios2-elf/3.4.6/libgcc.a(_lt_df.o)
 .debug_aranges
                0x00000628       0x20 /cygdrive/c/altera/91/nios2eds/bin/nios2-gnutools/H-i686-pc-cygwin/bin/../lib/gcc/nios2-elf/3.4.6/libgcc.a(_si_to_df.o)
 .debug_aranges
                0x00000648       0x20 /cygdrive/c/altera/91/nios2eds/bin/nios2-gnutools/H-i686-pc-cygwin/bin/../lib/gcc/nios2-elf/3.4.6/libgcc.a(_df_to_si.o)
 .debug_aranges
                0x00000668       0x20 /cygdrive/c/altera/91/nios2eds/bin/nios2-gnutools/H-i686-pc-cygwin/bin/../lib/gcc/nios2-elf/3.4.6/libgcc.a(_muldi3.o)
 .debug_aranges
                0x00000688       0x20 /cygdrive/c/altera/91/nios2eds/bin/nios2-gnutools/H-i686-pc-cygwin/bin/../lib/gcc/nios2-elf/3.4.6/libgcc.a(_lshrdi3.o)
 .debug_aranges
                0x000006a8       0x20 /cygdrive/c/altera/91/nios2eds/bin/nios2-gnutools/H-i686-pc-cygwin/bin/../lib/gcc/nios2-elf/3.4.6/libgcc.a(_pack_df.o)
 .debug_aranges
                0x000006c8       0x20 /cygdrive/c/altera/91/nios2eds/bin/nios2-gnutools/H-i686-pc-cygwin/bin/../lib/gcc/nios2-elf/3.4.6/libgcc.a(_unpack_df.o)
 .debug_aranges
                0x000006e8       0x20 /cygdrive/c/altera/91/nios2eds/bin/nios2-gnutools/H-i686-pc-cygwin/bin/../lib/gcc/nios2-elf/3.4.6/libgcc.a(_fpcmp_parts_df.o)
 .debug_aranges
                0x00000708       0x20 /cygdrive/c/altera/91/nios2eds/bin/nios2-gnutools/H-i686-pc-cygwin/bin/../lib/gcc/nios2-elf/3.4.6/libgcc.a(_ashldi3.o)
 .debug_aranges
                0x00000728       0x20 BSP/libhal_bsp.a(alt_close.o)
 .debug_aranges
                0x00000748       0x20 BSP/libhal_bsp.a(alt_dev.o)
 .debug_aranges
                0x00000768       0x20 BSP/libhal_bsp.a(alt_fstat.o)
 .debug_aranges
                0x00000788       0x20 BSP/libhal_bsp.a(alt_isatty.o)
 .debug_aranges
                0x000007a8       0x20 BSP/libhal_bsp.a(alt_load.o)
 .debug_aranges
                0x000007c8       0x20 BSP/libhal_bsp.a(alt_lseek.o)
 .debug_aranges
                0x000007e8       0x20 BSP/libhal_bsp.a(alt_main.o)
 .debug_aranges
                0x00000808       0x20 BSP/libhal_bsp.a(alt_malloc_lock.o)
 .debug_aranges
                0x00000828       0x20 BSP/libhal_bsp.a(alt_read.o)
 .debug_aranges
                0x00000848       0x20 BSP/libhal_bsp.a(alt_release_fd.o)
 .debug_aranges
                0x00000868       0x20 BSP/libhal_bsp.a(alt_sbrk.o)
 .debug_aranges
                0x00000888       0x20 BSP/libhal_bsp.a(alt_tick.o)
 .debug_aranges
                0x000008a8       0x20 BSP/libhal_bsp.a(alt_write.o)
 .debug_aranges
                0x000008c8       0x20 BSP/libhal_bsp.a(alt_sys_init.o)
 .debug_aranges
                0x000008e8       0x20 BSP/libhal_bsp.a(altera_avalon_cfi_flash.o)
 .debug_aranges
                0x00000908       0x20 BSP/libhal_bsp.a(altera_avalon_cfi_flash_table.o)
 .debug_aranges
                0x00000928       0x20 BSP/libhal_bsp.a(altera_avalon_jtag_uart_fd.o)
 .debug_aranges
                0x00000948       0x20 BSP/libhal_bsp.a(altera_avalon_jtag_uart_init.o)
 .debug_aranges
                0x00000968       0x20 BSP/libhal_bsp.a(altera_avalon_jtag_uart_ioctl.o)
 .debug_aranges
                0x00000988       0x20 BSP/libhal_bsp.a(altera_avalon_jtag_uart_read.o)
 .debug_aranges
                0x000009a8       0x20 BSP/libhal_bsp.a(altera_avalon_jtag_uart_write.o)
 .debug_aranges
                0x000009c8       0x20 BSP/libhal_bsp.a(altera_avalon_lcd_16207.o)
 .debug_aranges
                0x000009e8       0x20 BSP/libhal_bsp.a(altera_avalon_lcd_16207_fd.o)
 .debug_aranges
                0x00000a08       0x20 BSP/libhal_bsp.a(altera_avalon_timer_sc.o)
 .debug_aranges
                0x00000a28       0x20 BSP/libhal_bsp.a(altera_avalon_uart_fd.o)
 .debug_aranges
                0x00000a48       0x20 BSP/libhal_bsp.a(altera_avalon_uart_init.o)
 .debug_aranges
                0x00000a68       0x20 BSP/libhal_bsp.a(altera_avalon_uart_read.o)
 .debug_aranges
                0x00000a88       0x20 BSP/libhal_bsp.a(altera_avalon_uart_write.o)
 .debug_aranges
                0x00000aa8       0x20 BSP/libhal_bsp.a(alt_alarm_start.o)
 .debug_aranges
                0x00000ac8       0x20 BSP/libhal_bsp.a(alt_dcache_flush.o)
 .debug_aranges
                0x00000ae8       0x20 BSP/libhal_bsp.a(alt_dcache_flush_all.o)
 .debug_aranges
                0x00000b08       0x20 BSP/libhal_bsp.a(alt_dev_llist_insert.o)
 .debug_aranges
                0x00000b28       0x20 BSP/libhal_bsp.a(alt_flash_dev.o)
 .debug_aranges
                0x00000b48       0x20 BSP/libhal_bsp.a(alt_icache_flush_all.o)
 .debug_aranges
                0x00000b68       0x20 BSP/libhal_bsp.a(alt_iic.o)
 .debug_aranges
                0x00000b88       0x20 BSP/libhal_bsp.a(alt_io_redirect.o)
 .debug_aranges
                0x00000ba8       0x20 BSP/libhal_bsp.a(alt_irq_register.o)
 .debug_aranges
                0x00000bc8       0x20 BSP/libhal_bsp.a(alt_open.o)
 .debug_aranges
                0x00000be8       0x20 BSP/libhal_bsp.a(alt_usleep.o)
 .debug_aranges
                0x00000c08       0x20 BSP/libhal_bsp.a(altera_nios2_irq.o)
 .debug_aranges
                0x00000c28       0x20 BSP/libhal_bsp.a(altera_avalon_cfi_flash_amd.o)
 .debug_aranges
                0x00000c48       0x20 BSP/libhal_bsp.a(altera_avalon_cfi_flash_intel.o)
 .debug_aranges
                0x00000c68       0x20 BSP/libhal_bsp.a(alt_busy_sleep.o)
 .debug_aranges
                0x00000c88       0x20 BSP/libhal_bsp.a(alt_find_dev.o)
 .debug_aranges
                0x00000ca8       0x20 BSP/libhal_bsp.a(alt_find_file.o)
 .debug_aranges
                0x00000cc8       0x20 BSP/libhal_bsp.a(alt_get_fd.o)
 .debug_aranges
                0x00000ce8       0x20 BSP/libhal_bsp.a(alt_icache_flush.o)
 .debug_aranges
                0x00000d08       0x30 BSP/libhal_bsp.a(alt_irq_entry.o)
 .debug_aranges
                0x00000d38       0x28 BSP/libhal_bsp.a(alt_irq_handler.o)
 .debug_aranges
                0x00000d60       0x38 BSP/libhal_bsp.a(alt_exception_entry.o)
 .debug_aranges
                0x00000d98       0x20 /cygdrive/c/altera/91/nios2eds/bin/nios2-gnutools/H-i686-pc-cygwin/bin/../lib/gcc/nios2-elf/3.4.6/../../../../nios2-elf/lib/libc.a(exit.o)
 .debug_aranges
                0x00000db8       0x20 /cygdrive/c/altera/91/nios2eds/bin/nios2-gnutools/H-i686-pc-cygwin/bin/../lib/gcc/nios2-elf/3.4.6/../../../../nios2-elf/lib/libc.a(memcmp.o)
 .debug_aranges
                0x00000dd8       0x20 BSP/libhal_bsp.a(alt_exit.o)

.debug_pubnames
                0x00000000     0x1815
 *(.debug_pubnames)
 .debug_pubnames
                0x00000000       0x33 obj//cygdrive/f/hw8a/led_count.o
 .debug_pubnames
                0x00000033       0x48 /cygdrive/c/altera/91/nios2eds/bin/nios2-gnutools/H-i686-pc-cygwin/bin/../lib/gcc/nios2-elf/3.4.6/libgcc.a(lib2-divmod.o)
 .debug_pubnames
                0x0000007b       0x1d /cygdrive/c/altera/91/nios2eds/bin/nios2-gnutools/H-i686-pc-cygwin/bin/../lib/gcc/nios2-elf/3.4.6/../../../../nios2-elf/lib/libc.a(printf.o)
 .debug_pubnames
                0x00000098       0x27 /cygdrive/c/altera/91/nios2eds/bin/nios2-gnutools/H-i686-pc-cygwin/bin/../lib/gcc/nios2-elf/3.4.6/../../../../nios2-elf/lib/libc.a(puts.o)
 .debug_pubnames
                0x000000bf       0x1d /cygdrive/c/altera/91/nios2eds/bin/nios2-gnutools/H-i686-pc-cygwin/bin/../lib/gcc/nios2-elf/3.4.6/../../../../nios2-elf/lib/libc.a(strlen.o)
 .debug_pubnames
                0x000000dc       0x45 /cygdrive/c/altera/91/nios2eds/bin/nios2-gnutools/H-i686-pc-cygwin/bin/../lib/gcc/nios2-elf/3.4.6/../../../../nios2-elf/lib/libc.a(vfprintf1.o)
 .debug_pubnames
                0x00000121       0x2d /cygdrive/c/altera/91/nios2eds/bin/nios2-gnutools/H-i686-pc-cygwin/bin/../lib/gcc/nios2-elf/3.4.6/../../../../nios2-elf/lib/libc.a(wcrtomb.o)
 .debug_pubnames
                0x0000014e       0x31 /cygdrive/c/altera/91/nios2eds/bin/nios2-gnutools/H-i686-pc-cygwin/bin/../lib/gcc/nios2-elf/3.4.6/../../../../nios2-elf/lib/libc.a(wcsrtombs.o)
 .debug_pubnames
                0x0000017f       0x20 /cygdrive/c/altera/91/nios2eds/bin/nios2-gnutools/H-i686-pc-cygwin/bin/../lib/gcc/nios2-elf/3.4.6/../../../../nios2-elf/lib/libc.a(wctomb_r.o)
 .debug_pubnames
                0x0000019f       0x20 /cygdrive/c/altera/91/nios2eds/bin/nios2-gnutools/H-i686-pc-cygwin/bin/../lib/gcc/nios2-elf/3.4.6/../../../../nios2-elf/lib/libc.a(wsetup.o)
 .debug_pubnames
                0x000001bf       0x1e /cygdrive/c/altera/91/nios2eds/bin/nios2-gnutools/H-i686-pc-cygwin/bin/../lib/gcc/nios2-elf/3.4.6/../../../../nios2-elf/lib/libc.a(dtoa.o)
 .debug_pubnames
                0x000001dd       0x1d /cygdrive/c/altera/91/nios2eds/bin/nios2-gnutools/H-i686-pc-cygwin/bin/../lib/gcc/nios2-elf/3.4.6/../../../../nios2-elf/lib/libc.a(fflush.o)
 .debug_pubnames
                0x000001fa       0x3a /cygdrive/c/altera/91/nios2eds/bin/nios2-gnutools/H-i686-pc-cygwin/bin/../lib/gcc/nios2-elf/3.4.6/../../../../nios2-elf/lib/libc.a(findfp.o)
 .debug_pubnames
                0x00000234       0x31 /cygdrive/c/altera/91/nios2eds/bin/nios2-gnutools/H-i686-pc-cygwin/bin/../lib/gcc/nios2-elf/3.4.6/../../../../nios2-elf/lib/libc.a(freer.o)
 .debug_pubnames
                0x00000265       0x21 /cygdrive/c/altera/91/nios2eds/bin/nios2-gnutools/H-i686-pc-cygwin/bin/../lib/gcc/nios2-elf/3.4.6/../../../../nios2-elf/lib/libc.a(fvwrite.o)
 .debug_pubnames
                0x00000286       0x1d /cygdrive/c/altera/91/nios2eds/bin/nios2-gnutools/H-i686-pc-cygwin/bin/../lib/gcc/nios2-elf/3.4.6/../../../../nios2-elf/lib/libc.a(fwalk.o)
 .debug_pubnames
                0x000002a3       0x22 /cygdrive/c/altera/91/nios2eds/bin/nios2-gnutools/H-i686-pc-cygwin/bin/../lib/gcc/nios2-elf/3.4.6/../../../../nios2-elf/lib/libc.a(impure.o)
 .debug_pubnames
                0x000002c5       0xc3 /cygdrive/c/altera/91/nios2eds/bin/nios2-gnutools/H-i686-pc-cygwin/bin/../lib/gcc/nios2-elf/3.4.6/../../../../nios2-elf/lib/libc.a(locale.o)
 .debug_pubnames
                0x00000388       0x21 /cygdrive/c/altera/91/nios2eds/bin/nios2-gnutools/H-i686-pc-cygwin/bin/../lib/gcc/nios2-elf/3.4.6/../../../../nios2-elf/lib/libc.a(makebuf.o)
 .debug_pubnames
                0x000003a9       0x26 /cygdrive/c/altera/91/nios2eds/bin/nios2-gnutools/H-i686-pc-cygwin/bin/../lib/gcc/nios2-elf/3.4.6/../../../../nios2-elf/lib/libc.a(malloc.o)
 .debug_pubnames
                0x000003cf       0xce /cygdrive/c/altera/91/nios2eds/bin/nios2-gnutools/H-i686-pc-cygwin/bin/../lib/gcc/nios2-elf/3.4.6/../../../../nios2-elf/lib/libc.a(mallocr.o)
 .debug_pubnames
                0x0000049d       0x1d /cygdrive/c/altera/91/nios2eds/bin/nios2-gnutools/H-i686-pc-cygwin/bin/../lib/gcc/nios2-elf/3.4.6/../../../../nios2-elf/lib/libc.a(memchr.o)
 .debug_pubnames
                0x000004ba       0x1d /cygdrive/c/altera/91/nios2eds/bin/nios2-gnutools/H-i686-pc-cygwin/bin/../lib/gcc/nios2-elf/3.4.6/../../../../nios2-elf/lib/libc.a(memcpy.o)
 .debug_pubnames
                0x000004d7       0x1e /cygdrive/c/altera/91/nios2eds/bin/nios2-gnutools/H-i686-pc-cygwin/bin/../lib/gcc/nios2-elf/3.4.6/../../../../nios2-elf/lib/libc.a(memmove.o)
 .debug_pubnames
                0x000004f5       0x1d /cygdrive/c/altera/91/nios2eds/bin/nios2-gnutools/H-i686-pc-cygwin/bin/../lib/gcc/nios2-elf/3.4.6/../../../../nios2-elf/lib/libc.a(memset.o)
 .debug_pubnames
                0x00000512      0x112 /cygdrive/c/altera/91/nios2eds/bin/nios2-gnutools/H-i686-pc-cygwin/bin/../lib/gcc/nios2-elf/3.4.6/../../../../nios2-elf/lib/libc.a(mprec.o)
 .debug_pubnames
                0x00000624       0x21 /cygdrive/c/altera/91/nios2eds/bin/nios2-gnutools/H-i686-pc-cygwin/bin/../lib/gcc/nios2-elf/3.4.6/../../../../nios2-elf/lib/libc.a(reallocr.o)
 .debug_pubnames
                0x00000645       0x1c /cygdrive/c/altera/91/nios2eds/bin/nios2-gnutools/H-i686-pc-cygwin/bin/../lib/gcc/nios2-elf/3.4.6/../../../../nios2-elf/lib/libc.a(s_isinf.o)
 .debug_pubnames
                0x00000661       0x1c /cygdrive/c/altera/91/nios2eds/bin/nios2-gnutools/H-i686-pc-cygwin/bin/../lib/gcc/nios2-elf/3.4.6/../../../../nios2-elf/lib/libc.a(s_isnan.o)
 .debug_pubnames
                0x0000067d       0x1e /cygdrive/c/altera/91/nios2eds/bin/nios2-gnutools/H-i686-pc-cygwin/bin/../lib/gcc/nios2-elf/3.4.6/../../../../nios2-elf/lib/libc.a(sbrkr.o)
 .debug_pubnames
                0x0000069b       0x44 /cygdrive/c/altera/91/nios2eds/bin/nios2-gnutools/H-i686-pc-cygwin/bin/../lib/gcc/nios2-elf/3.4.6/../../../../nios2-elf/lib/libc.a(stdio.o)
 .debug_pubnames
                0x000006df       0x1d /cygdrive/c/altera/91/nios2eds/bin/nios2-gnutools/H-i686-pc-cygwin/bin/../lib/gcc/nios2-elf/3.4.6/../../../../nios2-elf/lib/libc.a(strcmp.o)
 .debug_pubnames
                0x000006fc       0x1f /cygdrive/c/altera/91/nios2eds/bin/nios2-gnutools/H-i686-pc-cygwin/bin/../lib/gcc/nios2-elf/3.4.6/../../../../nios2-elf/lib/libc.a(writer.o)
 .debug_pubnames
                0x0000071b       0x20 /cygdrive/c/altera/91/nios2eds/bin/nios2-gnutools/H-i686-pc-cygwin/bin/../lib/gcc/nios2-elf/3.4.6/../../../../nios2-elf/lib/libc.a(callocr.o)
 .debug_pubnames
                0x0000073b       0x1f /cygdrive/c/altera/91/nios2eds/bin/nios2-gnutools/H-i686-pc-cygwin/bin/../lib/gcc/nios2-elf/3.4.6/../../../../nios2-elf/lib/libc.a(closer.o)
 .debug_pubnames
                0x0000075a       0x1f /cygdrive/c/altera/91/nios2eds/bin/nios2-gnutools/H-i686-pc-cygwin/bin/../lib/gcc/nios2-elf/3.4.6/../../../../nios2-elf/lib/libc.a(fstatr.o)
 .debug_pubnames
                0x00000779       0x1c /cygdrive/c/altera/91/nios2eds/bin/nios2-gnutools/H-i686-pc-cygwin/bin/../lib/gcc/nios2-elf/3.4.6/../../../../nios2-elf/lib/libc.a(int_errno.o)
 .debug_pubnames
                0x00000795       0x1f /cygdrive/c/altera/91/nios2eds/bin/nios2-gnutools/H-i686-pc-cygwin/bin/../lib/gcc/nios2-elf/3.4.6/../../../../nios2-elf/lib/libc.a(lseekr.o)
 .debug_pubnames
                0x000007b4       0x1e /cygdrive/c/altera/91/nios2eds/bin/nios2-gnutools/H-i686-pc-cygwin/bin/../lib/gcc/nios2-elf/3.4.6/../../../../nios2-elf/lib/libc.a(readr.o)
 .debug_pubnames
                0x000007d2       0x1f /cygdrive/c/altera/91/nios2eds/bin/nios2-gnutools/H-i686-pc-cygwin/bin/../lib/gcc/nios2-elf/3.4.6/libgcc.a(_negdi2.o)
 .debug_pubnames
                0x000007f1       0x20 /cygdrive/c/altera/91/nios2eds/bin/nios2-gnutools/H-i686-pc-cygwin/bin/../lib/gcc/nios2-elf/3.4.6/libgcc.a(_udivdi3.o)
 .debug_pubnames
                0x00000811       0x20 /cygdrive/c/altera/91/nios2eds/bin/nios2-gnutools/H-i686-pc-cygwin/bin/../lib/gcc/nios2-elf/3.4.6/libgcc.a(_umoddi3.o)
 .debug_pubnames
                0x00000831       0x2c /cygdrive/c/altera/91/nios2eds/bin/nios2-gnutools/H-i686-pc-cygwin/bin/../lib/gcc/nios2-elf/3.4.6/libgcc.a(_addsub_df.o)
 .debug_pubnames
                0x0000085d       0x1f /cygdrive/c/altera/91/nios2eds/bin/nios2-gnutools/H-i686-pc-cygwin/bin/../lib/gcc/nios2-elf/3.4.6/libgcc.a(_mul_df.o)
 .debug_pubnames
                0x0000087c       0x1f /cygdrive/c/altera/91/nios2eds/bin/nios2-gnutools/H-i686-pc-cygwin/bin/../lib/gcc/nios2-elf/3.4.6/libgcc.a(_div_df.o)
 .debug_pubnames
                0x0000089b       0x1e /cygdrive/c/altera/91/nios2eds/bin/nios2-gnutools/H-i686-pc-cygwin/bin/../lib/gcc/nios2-elf/3.4.6/libgcc.a(_eq_df.o)
 .debug_pubnames
                0x000008b9       0x1e /cygdrive/c/altera/91/nios2eds/bin/nios2-gnutools/H-i686-pc-cygwin/bin/../lib/gcc/nios2-elf/3.4.6/libgcc.a(_ne_df.o)
 .debug_pubnames
                0x000008d7       0x1e /cygdrive/c/altera/91/nios2eds/bin/nios2-gnutools/H-i686-pc-cygwin/bin/../lib/gcc/nios2-elf/3.4.6/libgcc.a(_gt_df.o)
 .debug_pubnames
                0x000008f5       0x1e /cygdrive/c/altera/91/nios2eds/bin/nios2-gnutools/H-i686-pc-cygwin/bin/../lib/gcc/nios2-elf/3.4.6/libgcc.a(_ge_df.o)
 .debug_pubnames
                0x00000913       0x1e /cygdrive/c/altera/91/nios2eds/bin/nios2-gnutools/H-i686-pc-cygwin/bin/../lib/gcc/nios2-elf/3.4.6/libgcc.a(_lt_df.o)
 .debug_pubnames
                0x00000931       0x22 /cygdrive/c/altera/91/nios2eds/bin/nios2-gnutools/H-i686-pc-cygwin/bin/../lib/gcc/nios2-elf/3.4.6/libgcc.a(_si_to_df.o)
 .debug_pubnames
                0x00000953       0x20 /cygdrive/c/altera/91/nios2eds/bin/nios2-gnutools/H-i686-pc-cygwin/bin/../lib/gcc/nios2-elf/3.4.6/libgcc.a(_df_to_si.o)
 .debug_pubnames
                0x00000973       0x22 /cygdrive/c/altera/91/nios2eds/bin/nios2-gnutools/H-i686-pc-cygwin/bin/../lib/gcc/nios2-elf/3.4.6/libgcc.a(_thenan_df.o)
 .debug_pubnames
                0x00000995       0x1f /cygdrive/c/altera/91/nios2eds/bin/nios2-gnutools/H-i686-pc-cygwin/bin/../lib/gcc/nios2-elf/3.4.6/libgcc.a(_muldi3.o)
 .debug_pubnames
                0x000009b4       0x20 /cygdrive/c/altera/91/nios2eds/bin/nios2-gnutools/H-i686-pc-cygwin/bin/../lib/gcc/nios2-elf/3.4.6/libgcc.a(_lshrdi3.o)
 .debug_pubnames
                0x000009d4       0x20 /cygdrive/c/altera/91/nios2eds/bin/nios2-gnutools/H-i686-pc-cygwin/bin/../lib/gcc/nios2-elf/3.4.6/libgcc.a(_clz.o)
 .debug_pubnames
                0x000009f4       0x1f /cygdrive/c/altera/91/nios2eds/bin/nios2-gnutools/H-i686-pc-cygwin/bin/../lib/gcc/nios2-elf/3.4.6/libgcc.a(_pack_df.o)
 .debug_pubnames
                0x00000a13       0x21 /cygdrive/c/altera/91/nios2eds/bin/nios2-gnutools/H-i686-pc-cygwin/bin/../lib/gcc/nios2-elf/3.4.6/libgcc.a(_unpack_df.o)
 .debug_pubnames
                0x00000a34       0x26 /cygdrive/c/altera/91/nios2eds/bin/nios2-gnutools/H-i686-pc-cygwin/bin/../lib/gcc/nios2-elf/3.4.6/libgcc.a(_fpcmp_parts_df.o)
 .debug_pubnames
                0x00000a5a       0x20 /cygdrive/c/altera/91/nios2eds/bin/nios2-gnutools/H-i686-pc-cygwin/bin/../lib/gcc/nios2-elf/3.4.6/libgcc.a(_ashldi3.o)
 .debug_pubnames
                0x00000a7a       0x1c BSP/libhal_bsp.a(alt_close.o)
 .debug_pubnames
                0x00000a96       0x63 BSP/libhal_bsp.a(alt_dev.o)
 .debug_pubnames
                0x00000af9       0x20 BSP/libhal_bsp.a(alt_errno.o)
 .debug_pubnames
                0x00000b19       0x1c BSP/libhal_bsp.a(alt_fstat.o)
 .debug_pubnames
                0x00000b35       0x1d BSP/libhal_bsp.a(alt_isatty.o)
 .debug_pubnames
                0x00000b52       0x1f BSP/libhal_bsp.a(alt_load.o)
 .debug_pubnames
                0x00000b71       0x1c BSP/libhal_bsp.a(alt_lseek.o)
 .debug_pubnames
                0x00000b8d       0x46 BSP/libhal_bsp.a(alt_main.o)
 .debug_pubnames
                0x00000bd3       0x38 BSP/libhal_bsp.a(alt_malloc_lock.o)
 .debug_pubnames
                0x00000c0b       0x1b BSP/libhal_bsp.a(alt_read.o)
 .debug_pubnames
                0x00000c26       0x25 BSP/libhal_bsp.a(alt_release_fd.o)
 .debug_pubnames
                0x00000c4b       0x1b BSP/libhal_bsp.a(alt_sbrk.o)
 .debug_pubnames
                0x00000c66       0x68 BSP/libhal_bsp.a(alt_tick.o)
 .debug_pubnames
                0x00000cce       0x1c BSP/libhal_bsp.a(alt_write.o)
 .debug_pubnames
                0x00000cea       0x34 BSP/libhal_bsp.a(alt_sys_init.o)
 .debug_pubnames
                0x00000d1e       0xac BSP/libhal_bsp.a(altera_avalon_cfi_flash.o)
 .debug_pubnames
                0x00000dca      0x27a BSP/libhal_bsp.a(altera_avalon_cfi_flash_table.o)
 .debug_pubnames
                0x00001044       0xa5 BSP/libhal_bsp.a(altera_avalon_jtag_uart_fd.o)
 .debug_pubnames
                0x000010e9       0x55 BSP/libhal_bsp.a(altera_avalon_jtag_uart_init.o)
 .debug_pubnames
                0x0000113e       0x34 BSP/libhal_bsp.a(altera_avalon_jtag_uart_ioctl.o)
 .debug_pubnames
                0x00001172       0x33 BSP/libhal_bsp.a(altera_avalon_jtag_uart_read.o)
 .debug_pubnames
                0x000011a5       0x34 BSP/libhal_bsp.a(altera_avalon_jtag_uart_write.o)
 .debug_pubnames
                0x000011d9       0x55 BSP/libhal_bsp.a(altera_avalon_lcd_16207.o)
 .debug_pubnames
                0x0000122e       0x37 BSP/libhal_bsp.a(altera_avalon_lcd_16207_fd.o)
 .debug_pubnames
                0x00001265       0x2f BSP/libhal_bsp.a(altera_avalon_timer_sc.o)
 .debug_pubnames
                0x00001294       0x71 BSP/libhal_bsp.a(altera_avalon_uart_fd.o)
 .debug_pubnames
                0x00001305       0x4b BSP/libhal_bsp.a(altera_avalon_uart_init.o)
 .debug_pubnames
                0x00001350       0x2e BSP/libhal_bsp.a(altera_avalon_uart_read.o)
 .debug_pubnames
                0x0000137e       0x2f BSP/libhal_bsp.a(altera_avalon_uart_write.o)
 .debug_pubnames
                0x000013ad       0x26 BSP/libhal_bsp.a(alt_alarm_start.o)
 .debug_pubnames
                0x000013d3       0x27 BSP/libhal_bsp.a(alt_dcache_flush.o)
 .debug_pubnames
                0x000013fa       0x2b BSP/libhal_bsp.a(alt_dcache_flush_all.o)
 .debug_pubnames
                0x00001425       0x2b BSP/libhal_bsp.a(alt_dev_llist_insert.o)
 .debug_pubnames
                0x00001450       0x58 BSP/libhal_bsp.a(alt_flash_dev.o)
 .debug_pubnames
                0x000014a8       0x2b BSP/libhal_bsp.a(alt_icache_flush_all.o)
 .debug_pubnames
                0x000014d3       0x6e BSP/libhal_bsp.a(alt_iic.o)
 .debug_pubnames
                0x00001541       0x26 BSP/libhal_bsp.a(alt_io_redirect.o)
 .debug_pubnames
                0x00001567       0x27 BSP/libhal_bsp.a(alt_irq_register.o)
 .debug_pubnames
                0x0000158e       0x3b BSP/libhal_bsp.a(alt_irq_vars.o)
 .debug_pubnames
                0x000015c9       0x1b BSP/libhal_bsp.a(alt_open.o)
 .debug_pubnames
                0x000015e4       0x1d BSP/libhal_bsp.a(alt_usleep.o)
 .debug_pubnames
                0x00001601       0x2c BSP/libhal_bsp.a(altera_nios2_irq.o)
 .debug_pubnames
                0x0000162d       0x3e BSP/libhal_bsp.a(altera_avalon_cfi_flash_amd.o)
 .debug_pubnames
                0x0000166b       0x42 BSP/libhal_bsp.a(altera_avalon_cfi_flash_intel.o)
 .debug_pubnames
                0x000016ad       0x25 BSP/libhal_bsp.a(alt_busy_sleep.o)
 .debug_pubnames
                0x000016d2       0x23 BSP/libhal_bsp.a(alt_find_dev.o)
 .debug_pubnames
                0x000016f5       0x24 BSP/libhal_bsp.a(alt_find_file.o)
 .debug_pubnames
                0x00001719       0x21 BSP/libhal_bsp.a(alt_get_fd.o)
 .debug_pubnames
                0x0000173a       0x27 BSP/libhal_bsp.a(alt_icache_flush.o)
 .debug_pubnames
                0x00001761       0x32 BSP/libhal_bsp.a(alt_irq_handler.o)
 .debug_pubnames
                0x00001793       0x2e /cygdrive/c/altera/91/nios2eds/bin/nios2-gnutools/H-i686-pc-cygwin/bin/../lib/gcc/nios2-elf/3.4.6/../../../../nios2-elf/lib/libc.a(ctype_.o)
 .debug_pubnames
                0x000017c1       0x1b /cygdrive/c/altera/91/nios2eds/bin/nios2-gnutools/H-i686-pc-cygwin/bin/../lib/gcc/nios2-elf/3.4.6/../../../../nios2-elf/lib/libc.a(exit.o)
 .debug_pubnames
                0x000017dc       0x1d /cygdrive/c/altera/91/nios2eds/bin/nios2-gnutools/H-i686-pc-cygwin/bin/../lib/gcc/nios2-elf/3.4.6/../../../../nios2-elf/lib/libc.a(memcmp.o)
 .debug_pubnames
                0x000017f9       0x1c BSP/libhal_bsp.a(alt_exit.o)

.debug_info     0x00000000    0x22940
 *(.debug_info .gnu.linkonce.wi.*)
 .debug_info    0x00000000       0x4e BSP/obj/HAL/src/crt0.o
 .debug_info    0x0000004e      0x223 obj//cygdrive/f/hw8a/led_count.o
 .debug_info    0x00000271      0x1f2 /cygdrive/c/altera/91/nios2eds/bin/nios2-gnutools/H-i686-pc-cygwin/bin/../lib/gcc/nios2-elf/3.4.6/libgcc.a(lib2-divmod.o)
 .debug_info    0x00000463      0x91f /cygdrive/c/altera/91/nios2eds/bin/nios2-gnutools/H-i686-pc-cygwin/bin/../lib/gcc/nios2-elf/3.4.6/../../../../nios2-elf/lib/libc.a(printf.o)
 .debug_info    0x00000d82      0x9d2 /cygdrive/c/altera/91/nios2eds/bin/nios2-gnutools/H-i686-pc-cygwin/bin/../lib/gcc/nios2-elf/3.4.6/../../../../nios2-elf/lib/libc.a(puts.o)
 .debug_info    0x00001754       0xce /cygdrive/c/altera/91/nios2eds/bin/nios2-gnutools/H-i686-pc-cygwin/bin/../lib/gcc/nios2-elf/3.4.6/../../../../nios2-elf/lib/libc.a(strlen.o)
 .debug_info    0x00001822     0x10a7 /cygdrive/c/altera/91/nios2eds/bin/nios2-gnutools/H-i686-pc-cygwin/bin/../lib/gcc/nios2-elf/3.4.6/../../../../nios2-elf/lib/libc.a(vfprintf1.o)
 .debug_info    0x000028c9      0x9a6 /cygdrive/c/altera/91/nios2eds/bin/nios2-gnutools/H-i686-pc-cygwin/bin/../lib/gcc/nios2-elf/3.4.6/../../../../nios2-elf/lib/libc.a(wcrtomb.o)
 .debug_info    0x0000326f      0xa2c /cygdrive/c/altera/91/nios2eds/bin/nios2-gnutools/H-i686-pc-cygwin/bin/../lib/gcc/nios2-elf/3.4.6/../../../../nios2-elf/lib/libc.a(wcsrtombs.o)
 .debug_info    0x00003c9b      0x9b1 /cygdrive/c/altera/91/nios2eds/bin/nios2-gnutools/H-i686-pc-cygwin/bin/../lib/gcc/nios2-elf/3.4.6/../../../../nios2-elf/lib/libc.a(wctomb_r.o)
 .debug_info    0x0000464c      0x901 /cygdrive/c/altera/91/nios2eds/bin/nios2-gnutools/H-i686-pc-cygwin/bin/../lib/gcc/nios2-elf/3.4.6/../../../../nios2-elf/lib/libc.a(wsetup.o)
 .debug_info    0x00004f4d      0xcf8 /cygdrive/c/altera/91/nios2eds/bin/nios2-gnutools/H-i686-pc-cygwin/bin/../lib/gcc/nios2-elf/3.4.6/../../../../nios2-elf/lib/libc.a(dtoa.o)
 .debug_info    0x00005c45      0x922 /cygdrive/c/altera/91/nios2eds/bin/nios2-gnutools/H-i686-pc-cygwin/bin/../lib/gcc/nios2-elf/3.4.6/../../../../nios2-elf/lib/libc.a(fflush.o)
 .debug_info    0x00006567      0x97d /cygdrive/c/altera/91/nios2eds/bin/nios2-gnutools/H-i686-pc-cygwin/bin/../lib/gcc/nios2-elf/3.4.6/../../../../nios2-elf/lib/libc.a(findfp.o)
 .debug_info    0x00006ee4      0xb60 /cygdrive/c/altera/91/nios2eds/bin/nios2-gnutools/H-i686-pc-cygwin/bin/../lib/gcc/nios2-elf/3.4.6/../../../../nios2-elf/lib/libc.a(freer.o)
 .debug_info    0x00007a44      0xa1c /cygdrive/c/altera/91/nios2eds/bin/nios2-gnutools/H-i686-pc-cygwin/bin/../lib/gcc/nios2-elf/3.4.6/../../../../nios2-elf/lib/libc.a(fvwrite.o)
 .debug_info    0x00008460      0x94f /cygdrive/c/altera/91/nios2eds/bin/nios2-gnutools/H-i686-pc-cygwin/bin/../lib/gcc/nios2-elf/3.4.6/../../../../nios2-elf/lib/libc.a(fwalk.o)
 .debug_info    0x00008daf      0x8dd /cygdrive/c/altera/91/nios2eds/bin/nios2-gnutools/H-i686-pc-cygwin/bin/../lib/gcc/nios2-elf/3.4.6/../../../../nios2-elf/lib/libc.a(impure.o)
 .debug_info    0x0000968c      0xb3d /cygdrive/c/altera/91/nios2eds/bin/nios2-gnutools/H-i686-pc-cygwin/bin/../lib/gcc/nios2-elf/3.4.6/../../../../nios2-elf/lib/libc.a(locale.o)
 .debug_info    0x0000a1c9      0xa9d /cygdrive/c/altera/91/nios2eds/bin/nios2-gnutools/H-i686-pc-cygwin/bin/../lib/gcc/nios2-elf/3.4.6/../../../../nios2-elf/lib/libc.a(makebuf.o)
 .debug_info    0x0000ac66      0x921 /cygdrive/c/altera/91/nios2eds/bin/nios2-gnutools/H-i686-pc-cygwin/bin/../lib/gcc/nios2-elf/3.4.6/../../../../nios2-elf/lib/libc.a(malloc.o)
 .debug_info    0x0000b587      0xc62 /cygdrive/c/altera/91/nios2eds/bin/nios2-gnutools/H-i686-pc-cygwin/bin/../lib/gcc/nios2-elf/3.4.6/../../../../nios2-elf/lib/libc.a(mallocr.o)
 .debug_info    0x0000c1e9      0x11f /cygdrive/c/altera/91/nios2eds/bin/nios2-gnutools/H-i686-pc-cygwin/bin/../lib/gcc/nios2-elf/3.4.6/../../../../nios2-elf/lib/libc.a(memchr.o)
 .debug_info    0x0000c308       0xf8 /cygdrive/c/altera/91/nios2eds/bin/nios2-gnutools/H-i686-pc-cygwin/bin/../lib/gcc/nios2-elf/3.4.6/../../../../nios2-elf/lib/libc.a(memcpy.o)
 .debug_info    0x0000c400      0x129 /cygdrive/c/altera/91/nios2eds/bin/nios2-gnutools/H-i686-pc-cygwin/bin/../lib/gcc/nios2-elf/3.4.6/../../../../nios2-elf/lib/libc.a(memmove.o)
 .debug_info    0x0000c529       0xfe /cygdrive/c/altera/91/nios2eds/bin/nios2-gnutools/H-i686-pc-cygwin/bin/../lib/gcc/nios2-elf/3.4.6/../../../../nios2-elf/lib/libc.a(memset.o)
 .debug_info    0x0000c627     0x1235 /cygdrive/c/altera/91/nios2eds/bin/nios2-gnutools/H-i686-pc-cygwin/bin/../lib/gcc/nios2-elf/3.4.6/../../../../nios2-elf/lib/libc.a(mprec.o)
 .debug_info    0x0000d85c      0xb40 /cygdrive/c/altera/91/nios2eds/bin/nios2-gnutools/H-i686-pc-cygwin/bin/../lib/gcc/nios2-elf/3.4.6/../../../../nios2-elf/lib/libc.a(reallocr.o)
 .debug_info    0x0000e39c       0xc6 /cygdrive/c/altera/91/nios2eds/bin/nios2-gnutools/H-i686-pc-cygwin/bin/../lib/gcc/nios2-elf/3.4.6/../../../../nios2-elf/lib/libc.a(s_isinf.o)
 .debug_info    0x0000e462       0xc6 /cygdrive/c/altera/91/nios2eds/bin/nios2-gnutools/H-i686-pc-cygwin/bin/../lib/gcc/nios2-elf/3.4.6/../../../../nios2-elf/lib/libc.a(s_isnan.o)
 .debug_info    0x0000e528      0x929 /cygdrive/c/altera/91/nios2eds/bin/nios2-gnutools/H-i686-pc-cygwin/bin/../lib/gcc/nios2-elf/3.4.6/../../../../nios2-elf/lib/libc.a(sbrkr.o)
 .debug_info    0x0000ee51      0xa1d /cygdrive/c/altera/91/nios2eds/bin/nios2-gnutools/H-i686-pc-cygwin/bin/../lib/gcc/nios2-elf/3.4.6/../../../../nios2-elf/lib/libc.a(stdio.o)
 .debug_info    0x0000f86e       0xcc /cygdrive/c/altera/91/nios2eds/bin/nios2-gnutools/H-i686-pc-cygwin/bin/../lib/gcc/nios2-elf/3.4.6/../../../../nios2-elf/lib/libc.a(strcmp.o)
 .debug_info    0x0000f93a      0x940 /cygdrive/c/altera/91/nios2eds/bin/nios2-gnutools/H-i686-pc-cygwin/bin/../lib/gcc/nios2-elf/3.4.6/../../../../nios2-elf/lib/libc.a(writer.o)
 .debug_info    0x0001027a      0x9ca /cygdrive/c/altera/91/nios2eds/bin/nios2-gnutools/H-i686-pc-cygwin/bin/../lib/gcc/nios2-elf/3.4.6/../../../../nios2-elf/lib/libc.a(callocr.o)
 .debug_info    0x00010c44      0x909 /cygdrive/c/altera/91/nios2eds/bin/nios2-gnutools/H-i686-pc-cygwin/bin/../lib/gcc/nios2-elf/3.4.6/../../../../nios2-elf/lib/libc.a(closer.o)
 .debug_info    0x0001154d      0xa7f /cygdrive/c/altera/91/nios2eds/bin/nios2-gnutools/H-i686-pc-cygwin/bin/../lib/gcc/nios2-elf/3.4.6/../../../../nios2-elf/lib/libc.a(fstatr.o)
 .debug_info    0x00011fcc       0x81 /cygdrive/c/altera/91/nios2eds/bin/nios2-gnutools/H-i686-pc-cygwin/bin/../lib/gcc/nios2-elf/3.4.6/../../../../nios2-elf/lib/libc.a(int_errno.o)